Component: ARM Compiler 5.06 update 7 (build 960) Tool: armlink [4d3601]

==============================================================================

Section Cross References

    startup_stm32l051xx.o(RESET) refers to startup_stm32l051xx.o(STACK) for __initial_sp
    startup_stm32l051xx.o(RESET) refers to startup_stm32l051xx.o(.text) for Reset_Handler
    startup_stm32l051xx.o(RESET) refers to stm32l0xx_it.o(i.NMI_Handler) for NMI_Handler
    startup_stm32l051xx.o(RESET) refers to stm32l0xx_it.o(i.HardFault_Handler) for HardFault_Handler
    startup_stm32l051xx.o(RESET) refers to port.o(i.SVC_Handler) for SVC_Handler
    startup_stm32l051xx.o(RESET) refers to port.o(.emb_text) for PendSV_Handler
    startup_stm32l051xx.o(RESET) refers to port.o(i.SysTick_Handler) for SysTick_Handler
    startup_stm32l051xx.o(RESET) refers to stm32l0xx_it.o(i.RTC_IRQHandler) for RTC_IRQHandler
    startup_stm32l051xx.o(RESET) refers to stm32l0xx_it.o(i.DMA1_Channel2_3_IRQHandler) for DMA1_Channel2_3_IRQHandler
    startup_stm32l051xx.o(RESET) refers to stm32l0xx_it.o(i.TIM21_IRQHandler) for TIM21_IRQHandler
    startup_stm32l051xx.o(RESET) refers to stm32l0xx_it.o(i.USART1_IRQHandler) for USART1_IRQHandler
    startup_stm32l051xx.o(.text) refers to system_stm32l0xx.o(i.SystemInit) for SystemInit
    startup_stm32l051xx.o(.text) refers to entry.o(.ARM.Collect$$$$00000000) for __main
    delay.o(i.delay_init) refers to stm32l0xx_hal_cortex.o(i.HAL_SYSTICK_CLKSourceConfig) for HAL_SYSTICK_CLKSourceConfig
    delay.o(i.delay_init) refers to uidiv.o(.text) for __aeabi_uidivmod
    delay.o(i.delay_init) refers to stm32l0xx_hal_cortex.o(i.HAL_SYSTICK_Config) for HAL_SYSTICK_Config
    delay.o(i.delay_init) refers to stm32l0xx_hal.o(.data) for uwTickFreq
    delay.o(i.delay_init) refers to system_stm32l0xx.o(.data) for SystemCoreClock
    delay.o(i.delay_ms) refers to delay.o(i.delay_us) for delay_us
    beep.o(i.beep_close) refers to stm32l0xx_hal_tim.o(i.HAL_TIM_PWM_Stop) for HAL_TIM_PWM_Stop
    beep.o(i.beep_close) refers to tim.o(.bss) for htim22
    beep.o(i.beep_open) refers to stm32l0xx_hal_tim.o(i.HAL_TIM_PWM_Start) for HAL_TIM_PWM_Start
    beep.o(i.beep_open) refers to main.o(i.Error_Handler) for Error_Handler
    beep.o(i.beep_open) refers to tim.o(.bss) for htim22
    air780.o(i.Air780_FlightMode) refers to printf2.o(i.__0printf$2) for __2printf
    air780.o(i.Air780_FlightMode) refers to delay.o(i.delay_ms) for delay_ms
    air780.o(i.Air780_GetTime) refers to printf2.o(i.__0printf$2) for __2printf
    air780.o(i.Air780_GetTime) refers to delay.o(i.delay_ms) for delay_ms
    air780.o(i.Air780_GetTime) refers to rtc.o(i.RTC_SetTime) for RTC_SetTime
    air780.o(i.Air780_GetTime) refers to stm32l0xx_it.o(.bss) for HardInt_receive_str
    air780.o(i.Air780_Init) refers to printf2.o(i.__0printf$2) for __2printf
    air780.o(i.Air780_Init) refers to delay.o(i.delay_ms) for delay_ms
    air780.o(i.Air780_Init) refers to strcmp.o(.text) for strcmp
    air780.o(i.Air780_Init) refers to stm32l0xx_it.o(.bss) for HardInt_receive_str
    air780.o(i.Air780_PDPact) refers to printf2.o(i.__0printf$2) for __2printf
    air780.o(i.Air780_PDPact) refers to delay.o(i.delay_ms) for delay_ms
    air780.o(i.Air780_PDPact) refers to strcmp.o(.text) for strcmp
    air780.o(i.Air780_PDPact) refers to stm32l0xx_it.o(.bss) for HardInt_receive_str
    air780.o(i.Air780_Reset) refers to printf2.o(i.__0printf$2) for __2printf
    onenet_mqtt.o(i.Connect_Check) refers to printf2.o(i.__0printf$2) for __2printf
    onenet_mqtt.o(i.Connect_Check) refers to delay.o(i.delay_ms) for delay_ms
    onenet_mqtt.o(i.Connect_Check) refers to strcmp.o(.text) for strcmp
    onenet_mqtt.o(i.Connect_Check) refers to stm32l0xx_it.o(.bss) for HardInt_receive_str
    onenet_mqtt.o(i.onenet_CmdResponse_MPUB) refers to printf2.o(i.__0printf$2) for __2printf
    onenet_mqtt.o(i.onenet_CmdResponse_MPUB) refers to delay.o(i.delay_ms) for delay_ms
    onenet_mqtt.o(i.onenet_CmdResponse_MPUB) refers to onenet_mqtt.o(.data) for .data
    onenet_mqtt.o(i.onenet_Data_MPUB) refers to printf2.o(i.__0printf$2) for __2printf
    onenet_mqtt.o(i.onenet_Data_MPUB) refers to delay.o(i.delay_ms) for delay_ms
    onenet_mqtt.o(i.onenet_Data_MPUB) refers to onenet_mqtt.o(.data) for .data
    onenet_mqtt.o(i.onenet_MQTTConnect) refers to printf2.o(i.__0printf$2) for __2printf
    onenet_mqtt.o(i.onenet_MQTTConnect) refers to delay.o(i.delay_ms) for delay_ms
    onenet_mqtt.o(i.onenet_MQTTConnect) refers to onenet_mqtt.o(i.onenet_TCPDisConnect) for onenet_TCPDisConnect
    onenet_mqtt.o(i.onenet_MQTTConnect) refers to onenet_mqtt.o(.data) for .data
    onenet_mqtt.o(i.onenet_TCPDisConnect) refers to printf2.o(i.__0printf$2) for __2printf
    onenet_mqtt.o(i.onenet_TCPDisConnect) refers to delay.o(i.delay_ms) for delay_ms
    onenet_mqtt.o(.data) refers to onenet_mqtt.o(.conststring) for .conststring
[...]
    i.HAL_TIM_PWM_ConfigChannel              0x08001c76   Section        0  stm32l0xx_hal_tim.o(i.HAL_TIM_PWM_ConfigChannel)
    i.HAL_TIM_PWM_Init                       0x08001d46   Section        0  stm32l0xx_hal_tim.o(i.HAL_TIM_PWM_Init)
    i.HAL_TIM_PWM_MspInit                    0x08001d84   Section        0  tim.o(i.HAL_TIM_PWM_MspInit)
    i.HAL_TIM_PWM_PulseFinishedCallback      0x08001da0   Section        0  stm32l0xx_hal_tim.o(i.HAL_TIM_PWM_PulseFinishedCallback)
    i.HAL_TIM_PeriodElapsedCallback          0x08001da4   Section        0  main.o(i.HAL_TIM_PeriodElapsedCallback)
    i.HAL_TIM_TriggerCallback                0x08001db8   Section        0  stm32l0xx_hal_tim.o(i.HAL_TIM_TriggerCallback)
    i.HAL_UARTEx_RxEventCallback             0x08001dba   Section        0  stm32l0xx_hal_uart.o(i.HAL_UARTEx_RxEventCallback)
    i.HAL_UARTEx_WakeupCallback              0x08001dbc   Section        0  stm32l0xx_hal_uart_ex.o(i.HAL_UARTEx_WakeupCallback)
    i.HAL_UART_DMAStop                       0x08001dbe   Section        0  stm32l0xx_hal_uart.o(i.HAL_UART_DMAStop)
    i.HAL_UART_ErrorCallback                 0x08001e58   Section        0  stm32l0xx_hal_uart.o(i.HAL_UART_ErrorCallback)
    i.HAL_UART_IRQHandler                    0x08001e5c   Section        0  stm32l0xx_hal_uart.o(i.HAL_UART_IRQHandler)
    i.HAL_UART_Init                          0x08002108   Section        0  stm32l0xx_hal_uart.o(i.HAL_UART_Init)
    i.HAL_UART_MspInit                       0x08002174   Section        0  usart.o(i.HAL_UART_MspInit)
    i.HAL_UART_Receive_DMA                   0x08002240   Section        0  stm32l0xx_hal_uart.o(i.HAL_UART_Receive_DMA)
    i.HAL_UART_RxCpltCallback                0x080022a4   Section        0  stm32l0xx_hal_uart.o(i.HAL_UART_RxCpltCallback)
    i.HAL_UART_RxHalfCpltCallback            0x080022a6   Section        0  stm32l0xx_hal_uart.o(i.HAL_UART_RxHalfCpltCallback)
    i.HAL_UART_Transmit                      0x080022a8   Section        0  stm32l0xx_hal_uart.o(i.HAL_UART_Transmit)
    i.HAL_UART_TxCpltCallback                0x08002368   Section        0  stm32l0xx_hal_uart.o(i.HAL_UART_TxCpltCallback)
    i.HardFault_Handler                      0x0800236a   Section        0  stm32l0xx_it.o(i.HardFault_Handler)
    i.HardwaresInitTask                      0x0800236c   Section        0  user_hardwaresinittask.o(i.HardwaresInitTask)
    i.KeyScan                                0x08002448   Section        0  key.o(i.KeyScan)
    i.KeyTask                                0x080024a4   Section        0  user_keytask.o(i.KeyTask)
    i.Key_Port_Init                          0x080024c8   Section        0  key.o(i.Key_Port_Init)
    i.MX_ADC_Init                            0x08002500   Section        0  adc.o(i.MX_ADC_Init)
    i.MX_DMA_Init                            0x08002570   Section        0  dma.o(i.MX_DMA_Init)
    i.MX_FREERTOS_Init                       0x08002598   Section        0  freertos.o(i.MX_FREERTOS_Init)
    i.MX_GPIO_Init                           0x080025bc   Section        0  gpio.o(i.MX_GPIO_Init)
    i.MX_IWDG_Init                           0x08002630   Section        0  iwdg.o(i.MX_IWDG_Init)
    i.MX_RTC_Init                            0x0800265c   Section        0  rtc.o(i.MX_RTC_Init)
    i.MX_TIM22_Init                          0x080026a0   Section        0  tim.o(i.MX_TIM22_Init)
    i.MX_USART1_UART_Init                    0x08002718   Section        0  usart.o(i.MX_USART1_UART_Init)
    i.NMI_Handler                            0x08002750   Section        0  stm32l0xx_it.o(i.NMI_Handler)
    i.RTC_ByteToBcd2                         0x08002752   Section        0  stm32l0xx_hal_rtc.o(i.RTC_ByteToBcd2)
    i.RTC_EnterInitMode                      0x08002768   Section        0  stm32l0xx_hal_rtc.o(i.RTC_EnterInitMode)
    i.RTC_ExitInitMode                       0x080027ae   Section        0  stm32l0xx_hal_rtc.o(i.RTC_ExitInitMode)
    i.RTC_IRQHandler                         0x080027dc   Section        0  stm32l0xx_it.o(i.RTC_IRQHandler)
    i.RTC_SetTime                            0x080027ec   Section        0  rtc.o(i.RTC_SetTime)
    i.SVC_Handler                            0x08002820   Section        0  port.o(i.SVC_Handler)
    i.StartDefaultTask                       0x08002822   Section        0  freertos.o(i.StartDefaultTask)
    i.SysTick_Handler                        0x0800282c   Section        0  port.o(i.SysTick_Handler)
    i.SystemClock_Config                     0x08002850   Section        0  main.o(i.SystemClock_Config)
    i.SystemInit                             0x080028fc   Section        0  system_stm32l0xx.o(i.SystemInit)
    i.TIM21_IRQHandler                       0x08002900   Section        0  stm32l0xx_it.o(i.TIM21_IRQHandler)
    i.TIM_Base_SetConfig                     0x0800291c   Section        0  stm32l0xx_hal_tim.o(i.TIM_Base_SetConfig)
    TIM_Base_SetConfig                       0x0800291d   Thumb Code    78  stm32l0xx_hal_tim.o(i.TIM_Base_SetConfig)
    i.TIM_OC1_SetConfig                      0x08002974   Section        0  stm32l0xx_hal_tim.o(i.TIM_OC1_SetConfig)
    TIM_OC1_SetConfig                        0x08002975   Thumb Code    48  stm32l0xx_hal_tim.o(i.TIM_OC1_SetConfig)
    i.TIM_OC2_SetConfig                      0x080029a4   Section        0  stm32l0xx_hal_tim.o(i.TIM_OC2_SetConfig)
    TIM_OC2_SetConfig                        0x080029a5   Thumb Code    50  stm32l0xx_hal_tim.o(i.TIM_OC2_SetConfig)
    i.TIM_OC3_SetConfig                      0x080029d6   Section        0  stm32l0xx_hal_tim.o(i.TIM_OC3_SetConfig)
    TIM_OC3_SetConfig                        0x080029d7   Thumb Code    54  stm32l0xx_hal_tim.o(i.TIM_OC3_SetConfig)
    i.TIM_OC4_SetConfig                      0x08002a0c   Section        0  stm32l0xx_hal_tim.o(i.TIM_OC4_SetConfig)
    TIM_OC4_SetConfig                        0x08002a0d   Thumb Code    54  stm32l0xx_hal_tim.o(i.TIM_OC4_SetConfig)
    i.UART_AdvFeatureConfig                  0x08002a42   Section        0  stm32l0xx_hal_uart.o(i.UART_AdvFeatureConfig)
    i.UART_CheckIdleState                    0x08002b0c   Section        0  stm32l0xx_hal_uart.o(i.UART_CheckIdleState)
    i.UART_DMAAbortOnError                   0x08002bd0   Section        0  stm32l0xx_hal_uart.o(i.UART_DMAAbortOnError)
    UART_DMAAbortOnError                     0x08002bd1   Thumb Code    20  stm32l0xx_hal_uart.o(i.UART_DMAAbortOnError)
    i.UART_DMAError                          0x08002be4   Section        0  stm32l0xx_hal_uart.o(i.UART_DMAError)
    UART_DMAError                            0x08002be5   Thumb Code    76  stm32l0xx_hal_uart.o(i.UART_DMAError)
    i.UART_DMAReceiveCplt                    0x08002c30   Section        0  stm32l0xx_hal_uart.o(i.UART_DMAReceiveCplt)
    UART_DMAReceiveCplt                      0x08002c31   Thumb Code   156  stm32l0xx_hal_uart.o(i.UART_DMAReceiveCplt)
    i.UART_DMARxHalfCplt                     0x08002ccc   Section        0  stm32l0xx_hal_uart.o(i.UART_DMARxHalfCplt)
    UART_DMARxHalfCplt                       0x08002ccd   Thumb Code    32  stm32l0xx_hal_uart.o(i.UART_DMARxHalfCplt)
    i.UART_EndRxTransfer                     0x08002cec   Section        0  stm32l0xx_hal_uart.o(i.UART_EndRxTransfer)
    UART_EndRxTransfer                       0x08002ced   Thumb Code    96  stm32l0xx_hal_uart.o(i.UART_EndRxTransfer)
    i.UART_EndTxTransfer                     0x08002d4c   Section        0  stm32l0xx_hal_uart.o(i.UART_EndTxTransfer)
    UART_EndTxTransfer                       0x08002d4d   Thumb Code    32  stm32l0xx_hal_uart.o(i.UART_EndTxTransfer)
    i.UART_SetConfig                         0x08002d6c   Section        0  stm32l0xx_hal_uart.o(i.UART_SetConfig)
    i.UART_Start_Receive_DMA                 0x08002f6c   Section        0  stm32l0xx_hal_uart.o(i.UART_Start_Receive_DMA)
    i.UART_WaitOnFlagUntilTimeout            0x08003018   Section        0  stm32l0xx_hal_uart.o(i.UART_WaitOnFlagUntilTimeout)
    i.USART1_IRQHandler                      0x080030a4   Section        0  stm32l0xx_it.o(i.USART1_IRQHandler)
    i.User_Tasks_Init                        0x08003100   Section        0  user_tasksinit.o(i.User_Tasks_Init)
    i.WDOGFeedTask                           0x08003154   Section        0  user_tasksinit.o(i.WDOGFeedTask)
    i.__0printf$2                            0x0800316c   Section        0  printf2.o(i.__0printf$2)
    i.__ARM_common_ll_muluu                  0x0800318c   Section        0  stm32l0xx_hal_rcc.o(i.__ARM_common_ll_muluu)
    i.__ARM_common_switch8                   0x080031bc   Section        0  stm32l0xx_hal_dma.o(i.__ARM_common_switch8)
    i.__NVIC_SetPriority                     0x080031d8   Section        0  stm32l0xx_hal_cortex.o(i.__NVIC_SetPriority)
    __NVIC_SetPriority                       0x080031d9   Thumb Code    60  stm32l0xx_hal_cortex.o(i.__NVIC_SetPriority)
    i.__scatterload_copy                     0x0800321c   Section       14  handlers.o(i.__scatterload_copy)
    i.__scatterload_null                     0x0800322a   Section        2  handlers.o(i.__scatterload_null)
    i.__scatterload_zeroinit                 0x0800322c   Section       14  handlers.o(i.__scatterload_zeroinit)
    i._printf_core                           0x0800323a   Section        0  printf2.o(i._printf_core)
    _printf_core                             0x0800323b   Thumb Code   210  printf2.o(i._printf_core)
    i.delay_ms                               0x0800330c   Section        0  delay.o(i.delay_ms)
    i.delay_us                               0x08003328   Section        0  delay.o(i.delay_us)
    i.fputc                                  0x08003358   Section        0  usart.o(i.fputc)
    i.main                                   0x08003374   Section        0  main.o(i.main)
    i.onenet_MQTTConnect                     0x080033c0   Section        0  onenet_mqtt.o(i.onenet_MQTTConnect)
    i.onenet_TCPDisConnect                   0x08003484   Section        0  onenet_mqtt.o(i.onenet_TCPDisConnect)
    i.osDelay                                0x080034a4   Section        0  cmsis_os2.o(i.osDelay)
    i.osKernelInitialize                     0x080034d8   Section        0  cmsis_os2.o(i.osKernelInitialize)
    i.osKernelStart                          0x0800350c   Section        0  cmsis_os2.o(i.osKernelStart)
    i.osThreadNew                            0x08003548   Section        0  cmsis_os2.o(i.osThreadNew)
    i.prvAddCurrentTaskToDelayedList         0x080035f4   Section        0  tasks.o(i.prvAddCurrentTaskToDelayedList)
    prvAddCurrentTaskToDelayedList           0x080035f5   Thumb Code    78  tasks.o(i.prvAddCurrentTaskToDelayedList)
    i.prvAddNewTaskToReadyList               0x0800364c   Section        0  tasks.o(i.prvAddNewTaskToReadyList)
    prvAddNewTaskToReadyList                 0x0800364d   Thumb Code   174  tasks.o(i.prvAddNewTaskToReadyList)
    i.prvCheckForValidListAndQueue           0x08003708   Section        0  timers.o(i.prvCheckForValidListAndQueue)
    prvCheckForValidListAndQueue             0x08003709   Thumb Code    74  timers.o(i.prvCheckForValidListAndQueue)
    i.prvCopyDataFromQueue                   0x08003764   Section        0  queue.o(i.prvCopyDataFromQueue)
    prvCopyDataFromQueue                     0x08003765   Thumb Code    38  queue.o(i.prvCopyDataFromQueue)
    i.prvCopyDataToQueue                     0x0800378a   Section        0  queue.o(i.prvCopyDataToQueue)
    prvCopyDataToQueue                       0x0800378b   Thumb Code   112  queue.o(i.prvCopyDataToQueue)
    i.prvDeleteTCB                           0x080037fa   Section        0  tasks.o(i.prvDeleteTCB)
    prvDeleteTCB                             0x080037fb   Thumb Code    38  tasks.o(i.prvDeleteTCB)
    i.prvHeapInit                            0x08003820   Section        0  heap_4.o(i.prvHeapInit)
    prvHeapInit                              0x08003821   Thumb Code    60  heap_4.o(i.prvHeapInit)
    i.prvIdleTask                            0x08003864   Section        0  tasks.o(i.prvIdleTask)
    prvIdleTask                              0x08003865   Thumb Code    62  tasks.o(i.prvIdleTask)
    i.prvInitialiseNewQueue                  0x080038b0   Section        0  queue.o(i.prvInitialiseNewQueue)
    prvInitialiseNewQueue                    0x080038b1   Thumb Code    34  queue.o(i.prvInitialiseNewQueue)
    i.prvInitialiseNewTask                   0x080038d2   Section        0  tasks.o(i.prvInitialiseNewTask)
    prvInitialiseNewTask                     0x080038d3   Thumb Code   148  tasks.o(i.prvInitialiseNewTask)
    i.prvInsertBlockIntoFreeList             0x08003968   Section        0  heap_4.o(i.prvInsertBlockIntoFreeList)
    prvInsertBlockIntoFreeList               0x08003969   Thumb Code    72  heap_4.o(i.prvInsertBlockIntoFreeList)
    i.prvInsertTimerInActiveList             0x080039b4   Section        0  timers.o(i.prvInsertTimerInActiveList)
    prvInsertTimerInActiveList               0x080039b5   Thumb Code    52  timers.o(i.prvInsertTimerInActiveList)
    i.prvIsQueueEmpty                        0x080039ec   Section        0  queue.o(i.prvIsQueueEmpty)
    prvIsQueueEmpty                          0x080039ed   Thumb Code    28  queue.o(i.prvIsQueueEmpty)
    i.prvProcessReceivedCommands             0x08003a08   Section        0  timers.o(i.prvProcessReceivedCommands)
    prvProcessReceivedCommands               0x08003a09   Thumb Code   228  timers.o(i.prvProcessReceivedCommands)
    i.prvProcessTimerOrBlockTask             0x08003af0   Section        0  timers.o(i.prvProcessTimerOrBlockTask)
    prvProcessTimerOrBlockTask               0x08003af1   Thumb Code   162  timers.o(i.prvProcessTimerOrBlockTask)
    i.prvResetNextTaskUnblockTime            0x08003b98   Section        0  tasks.o(i.prvResetNextTaskUnblockTime)
    prvResetNextTaskUnblockTime              0x08003b99   Thumb Code    28  tasks.o(i.prvResetNextTaskUnblockTime)
    i.prvSampleTimeNow                       0x08003bb8   Section        0  timers.o(i.prvSampleTimeNow)
    prvSampleTimeNow                         0x08003bb9   Thumb Code    36  timers.o(i.prvSampleTimeNow)
    i.prvSwitchTimerLists                    0x08003be0   Section        0  timers.o(i.prvSwitchTimerLists)
    prvSwitchTimerLists                      0x08003be1   Thumb Code    94  timers.o(i.prvSwitchTimerLists)
    i.prvTaskExitError                       0x08003c44   Section        0  port.o(i.prvTaskExitError)
    prvTaskExitError                         0x08003c45   Thumb Code    14  port.o(i.prvTaskExitError)
    i.prvTimerTask                           0x08003c58   Section        0  timers.o(i.prvTimerTask)
    prvTimerTask                             0x08003c59   Thumb Code    32  timers.o(i.prvTimerTask)
    i.prvUnlockQueue                         0x08003c7c   Section        0  queue.o(i.prvUnlockQueue)
    prvUnlockQueue                           0x08003c7d   Thumb Code   112  queue.o(i.prvUnlockQueue)
    i.pvPortMalloc                           0x08003cec   Section        0  heap_4.o(i.pvPortMalloc)
    i.pxPortInitialiseStack                  0x08003d9c   Section        0  port.o(i.pxPortInitialiseStack)
    i.uxListRemove                           0x08003dbc   Section        0  list.o(i.uxListRemove)
    i.vApplicationGetIdleTaskMemory          0x08003de4   Section        0  cmsis_os2.o(i.vApplicationGetIdleTaskMemory)
    i.vApplicationGetTimerTaskMemory         0x08003df8   Section        0  cmsis_os2.o(i.vApplicationGetTimerTaskMemory)
    i.vListInitialise                        0x08003e10   Section        0  list.o(i.vListInitialise)
    i.vListInitialiseItem                    0x08003e26   Section        0  list.o(i.vListInitialiseItem)
    i.vListInsert                            0x08003e2c   Section        0  list.o(i.vListInsert)
    i.vListInsertEnd                         0x08003e5c   Section        0  list.o(i.vListInsertEnd)
    i.vPortEnterCritical                     0x08003e74   Section        0  port.o(i.vPortEnterCritical)
    i.vPortExitCritical                      0x08003e8c   Section        0  port.o(i.vPortExitCritical)
    i.vPortFree                              0x08003ea8   Section        0  heap_4.o(i.vPortFree)
    i.vPortYield                             0x08003eec   Section        0  port.o(i.vPortYield)
    i.vQueueAddToRegistry                    0x08003f04   Section        0  queue.o(i.vQueueAddToRegistry)
    i.vQueueWaitForMessageRestricted         0x08003f28   Section        0  queue.o(i.vQueueWaitForMessageRestricted)
    i.vTaskDelay                             0x08003f6c   Section        0  tasks.o(i.vTaskDelay)
    i.vTaskDelete                            0x08003f9c   Section        0  tasks.o(i.vTaskDelete)
    i.vTaskInternalSetTimeOutState           0x08004014   Section        0  tasks.o(i.vTaskInternalSetTimeOutState)
    i.vTaskMissedYield                       0x08004024   Section        0  tasks.o(i.vTaskMissedYield)
    i.vTaskPlaceOnEventList                  0x08004030   Section        0  tasks.o(i.vTaskPlaceOnEventList)
    i.vTaskPlaceOnEventListRestricted        0x08004054   Section        0  tasks.o(i.vTaskPlaceOnEventListRestricted)
    i.vTaskStartScheduler                    0x08004084   Section        0  tasks.o(i.vTaskStartScheduler)
    i.vTaskSuspendAll                        0x080040ec   Section        0  tasks.o(i.vTaskSuspendAll)
    i.vTaskSwitchContext                     0x080040fc   Section        0  tasks.o(i.vTaskSwitchContext)
    i.xPortStartScheduler                    0x08004154   Section        0  port.o(i.xPortStartScheduler)
    i.xQueueGenericCreateStatic              0x080041a4   Section        0  queue.o(i.xQueueGenericCreateStatic)
    i.xQueueGenericReset                     0x080041e4   Section        0  queue.o(i.xQueueGenericReset)
    i.xQueueGenericSend                      0x08004250   Section        0  queue.o(i.xQueueGenericSend)
    i.xQueueGenericSendFromISR               0x08004368   Section        0  queue.o(i.xQueueGenericSendFromISR)
    i.xQueueReceive                          0x080043f4   Section        0  queue.o(i.xQueueReceive)
    i.xTaskCheckForTimeOut                   0x080044f8   Section        0  tasks.o(i.xTaskCheckForTimeOut)
    i.xTaskCreate                            0x08004554   Section        0  tasks.o(i.xTaskCreate)
    i.xTaskCreateStatic                      0x080045a6   Section        0  tasks.o(i.xTaskCreateStatic)
    i.xTaskGetSchedulerState                 0x080045ec   Section        0  tasks.o(i.xTaskGetSchedulerState)
    i.xTaskGetTickCount                      0x0800460c   Section        0  tasks.o(i.xTaskGetTickCount)
    i.xTaskIncrementTick                     0x08004618   Section        0  tasks.o(i.xTaskIncrementTick)
    i.xTaskPriorityDisinherit                0x080046d4   Section        0  tasks.o(i.xTaskPriorityDisinherit)
    i.xTaskRemoveFromEventList               0x0800473c   Section        0  tasks.o(i.xTaskRemoveFromEventList)
    i.xTaskResumeAll                         0x080047a0   Section        0  tasks.o(i.xTaskResumeAll)
    i.xTimerCreateTimerTask                  0x08004850   Section        0  timers.o(i.xTimerCreateTimerTask)
    i.xTimerGenericCommand                   0x080048a8   Section        0  timers.o(i.xTimerGenericCommand)
    .constdata                               0x080048fc   Section       36  freertos.o(.constdata)
    .constdata                               0x08004920   Section      144  user_tasksinit.o(.constdata)
    .constdata                               0x080049b0   Section       25  system_stm32l0xx.o(.constdata)
    .constdata                               0x080049c9   Section        8  system_stm32l0xx.o(.constdata)
    .conststring                             0x080049d4   Section      151  onenet_mqtt.o(.conststring)
    .conststring                             0x08004a6c   Section       12  freertos.o(.conststring)
    .conststring                             0x08004a78   Section       52  user_tasksinit.o(.conststring)
    .data                                    0x20000000   Section       20  onenet_mqtt.o(.data)
    .data                                    0x20000014   Section        1  key.o(.data)
    key_up                                   0x20000014   Data           1  key.o(.data)
    .data                                    0x20000018   Section        4  freertos.o(.data)
    .data                                    0x2000001c   Section        4  stm32l0xx_it.o(.data)
    usart_message_gap                        0x2000001e   Data           2  stm32l0xx_it.o(.data)
    .data                                    0x20000020   Section       16  user_tasksinit.o(.data)
    .data                                    0x20000030   Section       12  stm32l0xx_hal.o(.data)
    .data                                    0x2000003c   Section        4  system_stm32l0xx.o(.data)
    .data                                    0x20000040   Section       60  tasks.o(.data)
    pxDelayedTaskList                        0x20000044   Data           4  tasks.o(.data)
    pxOverflowDelayedTaskList                0x20000048   Data           4  tasks.o(.data)
    uxDeletedTasksWaitingCleanUp             0x2000004c   Data           4  tasks.o(.data)
    uxCurrentNumberOfTasks                   0x20000050   Data           4  tasks.o(.data)
    xTickCount                               0x20000054   Data           4  tasks.o(.data)
    uxTopReadyPriority                       0x20000058   Data           4  tasks.o(.data)
    xSchedulerRunning                        0x2000005c   Data           4  tasks.o(.data)
    uxPendedTicks                            0x20000060   Data           4  tasks.o(.data)
    xYieldPending                            0x20000064   Data           4  tasks.o(.data)
    xNumOfOverflows                          0x20000068   Data           4  tasks.o(.data)
    uxTaskNumber                             0x2000006c   Data           4  tasks.o(.data)
    xNextTaskUnblockTime                     0x20000070   Data           4  tasks.o(.data)
    xIdleTaskHandle                          0x20000074   Data           4  tasks.o(.data)
    uxSchedulerSuspended                     0x20000078   Data           4  tasks.o(.data)
    .data                                    0x2000007c   Section       20  timers.o(.data)
    pxCurrentTimerList                       0x2000007c   Data           4  timers.o(.data)
    pxOverflowTimerList                      0x20000080   Data           4  timers.o(.data)
    xTimerQueue                              0x20000084   Data           4  timers.o(.data)
    xTimerTaskHandle                         0x20000088   Data           4  timers.o(.data)
    xLastTime                                0x2000008c   Data           4  timers.o(.data)
    .data                                    0x20000090   Section        4  cmsis_os2.o(.data)
    KernelState                              0x20000090   Data           4  cmsis_os2.o(.data)
    .data                                    0x20000094   Section       24  heap_4.o(.data)
    pxEnd                                    0x20000094   Data           4  heap_4.o(.data)
    xFreeBytesRemaining                      0x20000098   Data           4  heap_4.o(.data)
    xMinimumEverFreeBytesRemaining           0x2000009c   Data           4  heap_4.o(.data)
    xBlockAllocatedBit                       0x200000a0   Data           4  heap_4.o(.data)
    xStart                                   0x200000a4   Data           8  heap_4.o(.data)
    .data                                    0x200000ac   Section        4  port.o(.data)
    uxCriticalNesting                        0x200000ac   Data           4  port.o(.data)
    .data                                    0x200000b0   Section        4  stdout.o(.data)
    .bss                                     0x200000b4   Section       92  adc.o(.bss)
    .bss                                     0x20000110   Section       16  iwdg.o(.bss)
    .bss                                     0x20000120   Section       36  rtc.o(.bss)
    .bss                                     0x20000144   Section       64  tim.o(.bss)
    .bss                                     0x20000184   Section      280  usart.o(.bss)
    .bss                                     0x2000029c   Section      300  stm32l0xx_it.o(.bss)
    .bss                                     0x200003c8   Section       64  stm32l0xx_hal_timebase_tim.o(.bss)
    .bss                                     0x20000408   Section       64  queue.o(.bss)
    .bss                                     0x20000448   Section     1220  tasks.o(.bss)
    pxReadyTasksLists                        0x20000448   Data        1120  tasks.o(.bss)
    xDelayedTaskList1                        0x200008a8   Data          20  tasks.o(.bss)
    xDelayedTaskList2                        0x200008bc   Data          20  tasks.o(.bss)
    xPendingReadyList                        0x200008d0   Data          20  tasks.o(.bss)
    xTasksWaitingTermination                 0x200008e4   Data          20  tasks.o(.bss)
    xSuspendedTaskList                       0x200008f8   Data          20  tasks.o(.bss)
    .bss                                     0x2000090c   Section      280  timers.o(.bss)
    xActiveTimerList1                        0x2000090c   Data          20  timers.o(.bss)
    xActiveTimerList2                        0x20000920   Data          20  timers.o(.bss)
    xStaticTimerQueue                        0x20000934   Data          80  timers.o(.bss)
    ucStaticTimerQueueStorage                0x20000984   Data         160  timers.o(.bss)
    .bss                                     0x20000a24   Section     1720  cmsis_os2.o(.bss)
    Idle_TCB                                 0x20000a24   Data          92  cmsis_os2.o(.bss)
    Idle_Stack                               0x20000a80   Data         512  cmsis_os2.o(.bss)
    Timer_TCB                                0x20000c80   Data          92  cmsis_os2.o(.bss)
    Timer_Stack                              0x20000cdc   Data        1024  cmsis_os2.o(.bss)
    .bss                                     0x200010dc   Section     2048  heap_4.o(.bss)
    ucHeap                                   0x200010dc   Data        2048  heap_4.o(.bss)
    STACK                                    0x200018e0   Section     1024  startup_stm32l051xx.o(STACK)

    Global Symbols

    Symbol Name                              Value     Ov Type        Size  Object(Section)

    BuildAttributes$$THM_ISAv3M$S$PE$A:L22$X:L11$S22$IEEE1$IW$USESV6$~STKCKD$USESV7$~SHL$OSPACE$ROPI$EBA8$MICROLIB$REQ8$PRES8$EABIv2 0x00000000   Number         0  anon$$obj.o ABSOLUTE
    __ARM_use_no_argv                        0x00000000   Number         0  main.o ABSOLUTE
    _printf_a                                0x00000000   Number         0  stubs.o ABSOLUTE
    _printf_c                                0x00000000   Number         0  stubs.o ABSOLUTE
    _printf_charcount                        0x00000000   Number         0  stubs.o ABSOLUTE
    _printf_d                                0x00000000   Number         0  stubs.o ABSOLUTE
    _printf_e                                0x00000000   Number         0  stubs.o ABSOLUTE
    _printf_f                                0x00000000   Number         0  stubs.o ABSOLUTE
    _printf_flags                            0x00000000   Number         0  stubs.o ABSOLUTE
    _printf_fp_dec                           0x00000000   Number         0  stubs.o ABSOLUTE
    _printf_fp_hex                           0x00000000   Number         0  stubs.o ABSOLUTE
    _printf_g                                0x00000000   Number         0  stubs.o ABSOLUTE
    _printf_i                                0x00000000   Number         0  stubs.o ABSOLUTE
    _printf_int_dec                          0x00000000   Number         0  stubs.o ABSOLUTE
    _printf_l                                0x00000000   Number         0  stubs.o ABSOLUTE
    _printf_lc                               0x00000000   Number         0  stubs.o ABSOLUTE
    _printf_ll                               0x00000000   Number         0  stubs.o ABSOLUTE
    _printf_lld                              0x00000000   Number         0  stubs.o ABSOLUTE
    _printf_lli                              0x00000000   Number         0  stubs.o ABSOLUTE
    _printf_llo                              0x00000000   Number         0  stubs.o ABSOLUTE
    _printf_llu                              0x00000000   Number         0  stubs.o ABSOLUTE
    _printf_llx                              0x00000000   Number         0  stubs.o ABSOLUTE
    _printf_longlong_dec                     0x00000000   Number         0  stubs.o ABSOLUTE
    _printf_longlong_hex                     0x00000000   Number         0  stubs.o ABSOLUTE
    _printf_longlong_oct                     0x00000000   Number         0  stubs.o ABSOLUTE
    _printf_ls                               0x00000000   Number         0  stubs.o ABSOLUTE
    _printf_mbtowc                           0x00000000   Number         0  stubs.o ABSOLUTE
    _printf_n                                0x00000000   Number         0  stubs.o ABSOLUTE
    _printf_o                                0x00000000   Number         0  stubs.o ABSOLUTE
    _printf_p                                0x00000000   Number         0  stubs.o ABSOLUTE
    _printf_percent                          0x00000000   Number         0  stubs.o ABSOLUTE
    _printf_pre_padding                      0x00000000   Number         0  stubs.o ABSOLUTE
    _printf_return_value                     0x00000000   Number         0  stubs.o ABSOLUTE
    _printf_s                                0x00000000   Number         0  stubs.o ABSOLUTE
    _printf_sizespec                         0x00000000   Number         0  stubs.o ABSOLUTE
    _printf_str                              0x00000000   Number         0  stubs.o ABSOLUTE
    _printf_truncate_signed                  0x00000000   Number         0  stubs.o ABSOLUTE
    _printf_truncate_unsigned                0x00000000   Number         0  stubs.o ABSOLUTE
    _printf_u                                0x00000000   Number         0  stubs.o ABSOLUTE
    _printf_wc                               0x00000000   Number         0  stubs.o ABSOLUTE
    _printf_wctomb                           0x00000000   Number         0  stubs.o ABSOLUTE
    _printf_widthprec                        0x00000000   Number         0  stubs.o ABSOLUTE
    _printf_x                                0x00000000   Number         0  stubs.o ABSOLUTE
    __arm_fini_                               - Undefined Weak Reference
    __cpp_initialize__aeabi_                  - Undefined Weak Reference
    __cxa_finalize                            - Undefined Weak Reference
    __decompress                              - Undefined Weak Reference
    _clock_init                               - Undefined Weak Reference
    _microlib_exit                            - Undefined Weak Reference
    __Vectors_Size                           0x000000c0   Number         0  startup_stm32l051xx.o ABSOLUTE
    __Vectors                                0x08000000   Data           4  startup_stm32l051xx.o(RESET)
    __Vectors_End                            0x080000c0   Data           0  startup_stm32l051xx.o(RESET)
    __main                                   0x080000c1   Thumb Code     0  entry.o(.ARM.Collect$$$$00000000)
    _main_stk                                0x080000c1   Thumb Code     0  entry2.o(.ARM.Collect$$$$00000001)
    _main_scatterload                        0x080000c5   Thumb Code     0  entry5.o(.ARM.Collect$$$$00000004)
    __main_after_scatterload                 0x080000c9   Thumb Code     0  entry5.o(.ARM.Collect$$$$00000004)
    _main_clock                              0x080000c9   Thumb Code     0  entry7b.o(.ARM.Collect$$$$00000008)
    _main_cpp_init                           0x080000c9   Thumb Code     0  entry8b.o(.ARM.Collect$$$$0000000A)
    _main_init                               0x080000c9   Thumb Code     0  entry9a.o(.ARM.Collect$$$$0000000B)
    __rt_lib_shutdown_fini                   0x080000d1   Thumb Code     0  entry12b.o(.ARM.Collect$$$$0000000E)
    __rt_final_cpp                           0x080000d5   Thumb Code     0  entry10a.o(.ARM.Collect$$$$0000000F)
    __rt_final_exit                          0x080000d5   Thumb Code     0  entry11a.o(.ARM.Collect$$$$00000011)
    __asm___6_port_c_39a90d8d__prvPortStartFirstTask 0x080000d9   Thumb Code    36  port.o(.emb_text)
    ulSetInterruptMaskFromISR                0x08000101   Thumb Code     8  port.o(.emb_text)
    vClearInterruptMaskFromISR               0x08000109   Thumb Code     6  port.o(.emb_text)
    PendSV_Handler                           0x0800010f   Thumb Code    62  port.o(.emb_text)
    Reset_Handler                            0x08000151   Thumb Code     8  startup_stm32l051xx.o(.text)
    ADC1_COMP_IRQHandler                     0x08000163   Thumb Code     0  startup_stm32l051xx.o(.text)
    DMA1_Channel1_IRQHandler                 0x08000163   Thumb Code     0  startup_stm32l051xx.o(.text)
    DMA1_Channel4_5_6_7_IRQHandler           0x08000163   Thumb Code     0  startup_stm32l051xx.o(.text)
    EXTI0_1_IRQHandler                       0x08000163   Thumb Code     0  startup_stm32l051xx.o(.text)
    EXTI2_3_IRQHandler                       0x08000163   Thumb Code     0  startup_stm32l051xx.o(.text)
    EXTI4_15_IRQHandler                      0x08000163   Thumb Code     0  startup_stm32l051xx.o(.text)
    FLASH_IRQHandler                         0x08000163   Thumb Code     0  startup_stm32l051xx.o(.text)
    I2C1_IRQHandler                          0x08000163   Thumb Code     0  startup_stm32l051xx.o(.text)
    I2C2_IRQHandler                          0x08000163   Thumb Code     0  startup_stm32l051xx.o(.text)
    LPTIM1_IRQHandler                        0x08000163   Thumb Code     0  startup_stm32l051xx.o(.text)
    LPUART1_IRQHandler                       0x08000163   Thumb Code     0  startup_stm32l051xx.o(.text)
    PVD_IRQHandler                           0x08000163   Thumb Code     0  startup_stm32l051xx.o(.text)
    RCC_IRQHandler                           0x08000163   Thumb Code     0  startup_stm32l051xx.o(.text)
    SPI1_IRQHandler                          0x08000163   Thumb Code     0  startup_stm32l051xx.o(.text)
    SPI2_IRQHandler                          0x08000163   Thumb Code     0  startup_stm32l051xx.o(.text)
    TIM22_IRQHandler                         0x08000163   Thumb Code     0  startup_stm32l051xx.o(.text)
    TIM2_IRQHandler                          0x08000163   Thumb Code     0  startup_stm32l051xx.o(.text)
    TIM6_IRQHandler                          0x08000163   Thumb Code     0  startup_stm32l051xx.o(.text)
    USART2_IRQHandler                        0x08000163   Thumb Code     0  startup_stm32l051xx.o(.text)
    WWDG_IRQHandler                          0x08000163   Thumb Code     0  startup_stm32l051xx.o(.text)
    __aeabi_uidiv                            0x0800016d   Thumb Code     0  uidiv.o(.text)
    __aeabi_uidivmod                         0x0800016d   Thumb Code    44  uidiv.o(.text)
    __aeabi_uldivmod                         0x08000199   Thumb Code    96  uldiv.o(.text)
    __aeabi_memcpy                           0x080001f9   Thumb Code    36  memcpya.o(.text)
    __aeabi_memcpy4                          0x080001f9   Thumb Code     0  memcpya.o(.text)
    __aeabi_memcpy8                          0x080001f9   Thumb Code     0  memcpya.o(.text)
    __aeabi_memset                           0x0800021d   Thumb Code    14  memseta.o(.text)
    __aeabi_memset4                          0x0800021d   Thumb Code     0  memseta.o(.text)
    __aeabi_memset8                          0x0800021d   Thumb Code     0  memseta.o(.text)
    __aeabi_memclr                           0x0800022b   Thumb Code     4  memseta.o(.text)
    __aeabi_memclr4                          0x0800022b   Thumb Code     0  memseta.o(.text)
    __aeabi_memclr8                          0x0800022b   Thumb Code     0  memseta.o(.text)
    memset                                   0x0800022f   Thumb Code    18  memseta.o(.text)
    strcmp                                   0x08000241   Thumb Code    28  strcmp.o(.text)
    strcpy                                   0x0800025d   Thumb Code    18  strcpy.o(.text)
    __aeabi_llsl                             0x0800026f   Thumb Code    32  llshl.o(.text)
    _ll_shift_l                              0x0800026f   Thumb Code     0  llshl.o(.text)
    __aeabi_llsr                             0x0800028f   Thumb Code    34  llushr.o(.text)
    _ll_ushift_r                             0x0800028f   Thumb Code     0  llushr.o(.text)
    __scatterload                            0x080002b1   Thumb Code    28  init.o(.text)
    __scatterload_rt2                        0x080002b1   Thumb Code     0  init.o(.text)
    Air780_GetTime                           0x080002f9   Thumb Code   116  air780.o(i.Air780_GetTime)
    Air780_Init                              0x0800037d   Thumb Code   158  air780.o(i.Air780_Init)
    Air780_PDPact                            0x08000509   Thumb Code    82  air780.o(i.Air780_PDPact)
    CmdRecTask                               0x080005a5   Thumb Code    70  user_cmdrectask.o(i.CmdRecTask)
    Connect_Check                            0x080005f9   Thumb Code    34  onenet_mqtt.o(i.Connect_Check)
    DMA1_Channel2_3_IRQHandler               0x08000659   Thumb Code    16  stm32l0xx_it.o(i.DMA1_Channel2_3_IRQHandler)
    Error_Handler                            0x0800069d   Thumb Code     4  main.o(i.Error_Handler)
    HAL_ADC_ConfigChannel                    0x080006a1   Thumb Code   140  stm32l0xx_hal_adc.o(i.HAL_ADC_ConfigChannel)
    HAL_ADC_Init                             0x08000735   Thumb Code   446  stm32l0xx_hal_adc.o(i.HAL_ADC_Init)
    HAL_ADC_MspInit                          0x080008fd   Thumb Code    72  adc.o(i.HAL_ADC_MspInit)
    HAL_DMA_Abort                            0x0800094d   Thumb Code    68  stm32l0xx_hal_dma.o(i.HAL_DMA_Abort)
    HAL_DMA_Abort_IT                         0x08000991   Thumb Code    76  stm32l0xx_hal_dma.o(i.HAL_DMA_Abort_IT)
    HAL_DMA_GetError                         0x080009dd   Thumb Code     4  stm32l0xx_hal_dma.o(i.HAL_DMA_GetError)
    HAL_DMA_IRQHandler                       0x080009e1   Thumb Code   168  stm32l0xx_hal_dma.o(i.HAL_DMA_IRQHandler)
    HAL_DMA_Init                             0x08000a89   Thumb Code   132  stm32l0xx_hal_dma.o(i.HAL_DMA_Init)
    HAL_DMA_Start_IT                         0x08000b19   Thumb Code   104  stm32l0xx_hal_dma.o(i.HAL_DMA_Start_IT)
    HAL_GPIO_Init                            0x08000b81   Thumb Code   402  stm32l0xx_hal_gpio.o(i.HAL_GPIO_Init)
    HAL_GPIO_ReadPin                         0x08000d31   Thumb Code    10  stm32l0xx_hal_gpio.o(i.HAL_GPIO_ReadPin)
    HAL_GPIO_TogglePin                       0x08000d3b   Thumb Code    16  stm32l0xx_hal_gpio.o(i.HAL_GPIO_TogglePin)
    HAL_GPIO_WritePin                        0x08000d4b   Thumb Code    12  stm32l0xx_hal_gpio.o(i.HAL_GPIO_WritePin)
    HAL_GetTick                              0x08000d59   Thumb Code     6  stm32l0xx_hal.o(i.HAL_GetTick)
    HAL_IWDG_Init                            0x08000d65   Thumb Code    94  stm32l0xx_hal_iwdg.o(i.HAL_IWDG_Init)
    HAL_IWDG_Refresh                         0x08000dd1   Thumb Code    10  stm32l0xx_hal_iwdg.o(i.HAL_IWDG_Refresh)
    HAL_IncTick                              0x08000de1   Thumb Code    12  stm32l0xx_hal.o(i.HAL_IncTick)
    HAL_Init                                 0x08000df1   Thumb Code    36  stm32l0xx_hal.o(i.HAL_Init)
    HAL_InitTick                             0x08000e19   Thumb Code   120  stm32l0xx_hal_timebase_tim.o(i.HAL_InitTick)
    HAL_MspInit                              0x08000ea9   Thumb Code    32  stm32l0xx_hal_msp.o(i.HAL_MspInit)
    HAL_NVIC_EnableIRQ                       0x08000ecd   Thumb Code    18  stm32l0xx_hal_cortex.o(i.HAL_NVIC_EnableIRQ)
    HAL_NVIC_SetPriority                     0x08000ee5   Thumb Code     8  stm32l0xx_hal_cortex.o(i.HAL_NVIC_SetPriority)
    HAL_PWR_EnableBkUpAccess                 0x08000eed   Thumb Code    12  stm32l0xx_hal_pwr.o(i.HAL_PWR_EnableBkUpAccess)
    HAL_RCCEx_PeriphCLKConfig                0x08000efd   Thumb Code   348  stm32l0xx_hal_rcc_ex.o(i.HAL_RCCEx_PeriphCLKConfig)
    HAL_RCC_ClockConfig                      0x08001065   Thumb Code   386  stm32l0xx_hal_rcc.o(i.HAL_RCC_ClockConfig)
    HAL_RCC_GetClockConfig                   0x08001201   Thumb Code    54  stm32l0xx_hal_rcc.o(i.HAL_RCC_GetClockConfig)
    HAL_RCC_GetPCLK1Freq                     0x08001241   Thumb Code    20  stm32l0xx_hal_rcc.o(i.HAL_RCC_GetPCLK1Freq)
    HAL_RCC_GetPCLK2Freq                     0x08001261   Thumb Code    20  stm32l0xx_hal_rcc.o(i.HAL_RCC_GetPCLK2Freq)
    HAL_RCC_GetSysClockFreq                  0x08001281   Thumb Code   108  stm32l0xx_hal_rcc.o(i.HAL_RCC_GetSysClockFreq)
    HAL_RCC_OscConfig                        0x080012f9   Thumb Code  1062  stm32l0xx_hal_rcc.o(i.HAL_RCC_OscConfig)
    HAL_RTCEx_SetWakeUpTimer_IT              0x08001721   Thumb Code   224  stm32l0xx_hal_rtc_ex.o(i.HAL_RTCEx_SetWakeUpTimer_IT)
    HAL_RTCEx_WakeUpTimerEventCallback       0x0800180d   Thumb Code     2  stm32l0xx_hal_rtc_ex.o(i.HAL_RTCEx_WakeUpTimerEventCallback)
    HAL_RTCEx_WakeUpTimerIRQHandler          0x08001811   Thumb Code    52  stm32l0xx_hal_rtc_ex.o(i.HAL_RTCEx_WakeUpTimerIRQHandler)
    HAL_RTC_Init                             0x0800184d   Thumb Code   166  stm32l0xx_hal_rtc.o(i.HAL_RTC_Init)
    HAL_RTC_MspInit                          0x080018f9   Thumb Code    40  rtc.o(i.HAL_RTC_MspInit)
    HAL_RTC_SetTime                          0x08001929   Thumb Code   188  stm32l0xx_hal_rtc.o(i.HAL_RTC_SetTime)
    HAL_RTC_WaitForSynchro                   0x080019e9   Thumb Code    48  stm32l0xx_hal_rtc.o(i.HAL_RTC_WaitForSynchro)
    HAL_TIMEx_MasterConfigSynchronization    0x08001a1d   Thumb Code    78  stm32l0xx_hal_tim_ex.o(i.HAL_TIMEx_MasterConfigSynchronization)
    HAL_TIM_Base_Init                        0x08001a75   Thumb Code    62  stm32l0xx_hal_tim.o(i.HAL_TIM_Base_Init)
    HAL_TIM_Base_MspInit                     0x08001ab3   Thumb Code     2  stm32l0xx_hal_tim.o(i.HAL_TIM_Base_MspInit)
    HAL_TIM_Base_Start_IT                    0x08001ab5   Thumb Code    68  stm32l0xx_hal_tim.o(i.HAL_TIM_Base_Start_IT)
    HAL_TIM_IC_CaptureCallback               0x08001b01   Thumb Code     2  stm32l0xx_hal_tim.o(i.HAL_TIM_IC_CaptureCallback)
    HAL_TIM_IRQHandler                       0x08001b03   Thumb Code   294  stm32l0xx_hal_tim.o(i.HAL_TIM_IRQHandler)
    HAL_TIM_MspPostInit                      0x08001c29   Thumb Code    68  tim.o(i.HAL_TIM_MspPostInit)
    HAL_TIM_OC_DelayElapsedCallback          0x08001c75   Thumb Code     2  stm32l0xx_hal_tim.o(i.HAL_TIM_OC_DelayElapsedCallback)
    HAL_TIM_PWM_ConfigChannel                0x08001c77   Thumb Code   208  stm32l0xx_hal_tim.o(i.HAL_TIM_PWM_ConfigChannel)
    HAL_TIM_PWM_Init                         0x08001d47   Thumb Code    62  stm32l0xx_hal_tim.o(i.HAL_TIM_PWM_Init)
    HAL_TIM_PWM_MspInit                      0x08001d85   Thumb Code    20  tim.o(i.HAL_TIM_PWM_MspInit)
    HAL_TIM_PWM_PulseFinishedCallback        0x08001da1   Thumb Code     2  stm32l0xx_hal_tim.o(i.HAL_TIM_PWM_PulseFinishedCallback)
    HAL_TIM_PeriodElapsedCallback            0x08001da5   Thumb Code    16  main.o(i.HAL_TIM_PeriodElapsedCallback)
    HAL_TIM_TriggerCallback                  0x08001db9   Thumb Code     2  stm32l0xx_hal_tim.o(i.HAL_TIM_TriggerCallback)
    HAL_UARTEx_RxEventCallback               0x08001dbb   Thumb Code     2  stm32l0xx_hal_uart.o(i.HAL_UARTEx_RxEventCallback)
    HAL_UARTEx_WakeupCallback                0x08001dbd   Thumb Code     2  stm32l0xx_hal_uart_ex.o(i.HAL_UARTEx_WakeupCallback)
    HAL_UART_DMAStop                         0x08001dbf   Thumb Code   154  stm32l0xx_hal_uart.o(i.HAL_UART_DMAStop)
    HAL_UART_ErrorCallback                   0x08001e59   Thumb Code     2  stm32l0xx_hal_uart.o(i.HAL_UART_ErrorCallback)
    HAL_UART_IRQHandler                      0x08001e5d   Thumb Code   672  stm32l0xx_hal_uart.o(i.HAL_UART_IRQHandler)
    HAL_UART_Init                            0x08002109   Thumb Code   106  stm32l0xx_hal_uart.o(i.HAL_UART_Init)
    HAL_UART_MspInit                         0x08002175   Thumb Code   188  usart.o(i.HAL_UART_MspInit)
    HAL_UART_Receive_DMA                     0x08002241   Thumb Code    94  stm32l0xx_hal_uart.o(i.HAL_UART_Receive_DMA)
    HAL_UART_RxCpltCallback                  0x080022a5   Thumb Code     2  stm32l0xx_hal_uart.o(i.HAL_UART_RxCpltCallback)
    HAL_UART_RxHalfCpltCallback              0x080022a7   Thumb Code     2  stm32l0xx_hal_uart.o(i.HAL_UART_RxHalfCpltCallback)
    HAL_UART_Transmit                        0x080022a9   Thumb Code   192  stm32l0xx_hal_uart.o(i.HAL_UART_Transmit)
    HAL_UART_TxCpltCallback                  0x08002369   Thumb Code     2  stm32l0xx_hal_uart.o(i.HAL_UART_TxCpltCallback)
    HardFault_Handler                        0x0800236b   Thumb Code     2  stm32l0xx_it.o(i.HardFault_Handler)
    HardwaresInitTask                        0x0800236d   Thumb Code   118  user_hardwaresinittask.o(i.HardwaresInitTask)
    KeyScan                                  0x08002449   Thumb Code    86  key.o(i.KeyScan)
    KeyTask                                  0x080024a5   Thumb Code    32  user_keytask.o(i.KeyTask)
    Key_Port_Init                            0x080024c9   Thumb Code    52  key.o(i.Key_Port_Init)
    MX_ADC_Init                              0x08002501   Thumb Code    98  adc.o(i.MX_ADC_Init)
    MX_DMA_Init                              0x08002571   Thumb Code    36  dma.o(i.MX_DMA_Init)
    MX_FREERTOS_Init                         0x08002599   Thumb Code    22  freertos.o(i.MX_FREERTOS_Init)
    MX_GPIO_Init                             0x080025bd   Thumb Code   108  gpio.o(i.MX_GPIO_Init)
    MX_IWDG_Init                             0x08002631   Thumb Code    32  iwdg.o(i.MX_IWDG_Init)
    MX_RTC_Init                              0x0800265d   Thumb Code    60  rtc.o(i.MX_RTC_Init)
    MX_TIM22_Init                            0x080026a1   Thumb Code   112  tim.o(i.MX_TIM22_Init)
    MX_USART1_UART_Init                      0x08002719   Thumb Code    48  usart.o(i.MX_USART1_UART_Init)
    NMI_Handler                              0x08002751   Thumb Code     2  stm32l0xx_it.o(i.NMI_Handler)
    RTC_ByteToBcd2                           0x08002753   Thumb Code    22  stm32l0xx_hal_rtc.o(i.RTC_ByteToBcd2)
    RTC_EnterInitMode                        0x08002769   Thumb Code    70  stm32l0xx_hal_rtc.o(i.RTC_EnterInitMode)
    RTC_ExitInitMode                         0x080027af   Thumb Code    46  stm32l0xx_hal_rtc.o(i.RTC_ExitInitMode)
    RTC_IRQHandler                           0x080027dd   Thumb Code    10  stm32l0xx_it.o(i.RTC_IRQHandler)
    RTC_SetTime                              0x080027ed   Thumb Code    48  rtc.o(i.RTC_SetTime)
    SVC_Handler                              0x08002821   Thumb Code     2  port.o(i.SVC_Handler)
    StartDefaultTask                         0x08002823   Thumb Code     8  freertos.o(i.StartDefaultTask)
    SysTick_Handler                          0x0800282d   Thumb Code    32  port.o(i.SysTick_Handler)
    SystemClock_Config                       0x08002851   Thumb Code   164  main.o(i.SystemClock_Config)
    SystemInit                               0x080028fd   Thumb Code     2  system_stm32l0xx.o(i.SystemInit)
    TIM21_IRQHandler                         0x08002901   Thumb Code    18  stm32l0xx_it.o(i.TIM21_IRQHandler)
    UART_AdvFeatureConfig                    0x08002a43   Thumb Code   202  stm32l0xx_hal_uart.o(i.UART_AdvFeatureConfig)
    UART_CheckIdleState                      0x08002b0d   Thumb Code   190  stm32l0xx_hal_uart.o(i.UART_CheckIdleState)
    UART_SetConfig                           0x08002d6d   Thumb Code   480  stm32l0xx_hal_uart.o(i.UART_SetConfig)
    UART_Start_Receive_DMA                   0x08002f6d   Thumb Code   160  stm32l0xx_hal_uart.o(i.UART_Start_Receive_DMA)
    UART_WaitOnFlagUntilTimeout              0x08003019   Thumb Code   138  stm32l0xx_hal_uart.o(i.UART_WaitOnFlagUntilTimeout)
    USART1_IRQHandler                        0x080030a5   Thumb Code    78  stm32l0xx_it.o(i.USART1_IRQHandler)
    User_Tasks_Init                          0x08003101   Thumb Code    60  user_tasksinit.o(i.User_Tasks_Init)
    WDOGFeedTask                             0x08003155   Thumb Code    18  user_tasksinit.o(i.WDOGFeedTask)
    __0printf$2                              0x0800316d   Thumb Code    24  printf2.o(i.__0printf$2)
    __1printf$2                              0x0800316d   Thumb Code     0  printf2.o(i.__0printf$2)
    __2printf                                0x0800316d   Thumb Code     0  printf2.o(i.__0printf$2)
    __ARM_common_ll_muluu                    0x0800318d   Thumb Code    48  stm32l0xx_hal_rcc.o(i.__ARM_common_ll_muluu)
    __ARM_common_switch8                     0x080031bd   Thumb Code    26  stm32l0xx_hal_dma.o(i.__ARM_common_switch8)
    __scatterload_copy                       0x0800321d   Thumb Code    14  handlers.o(i.__scatterload_copy)
    __scatterload_null                       0x0800322b   Thumb Code     2  handlers.o(i.__scatterload_null)
    __scatterload_zeroinit                   0x0800322d   Thumb Code    14  handlers.o(i.__scatterload_zeroinit)
    delay_ms                                 0x0800330d   Thumb Code    26  delay.o(i.delay_ms)
    delay_us                                 0x08003329   Thumb Code    42  delay.o(i.delay_us)
    fputc                                    0x08003359   Thumb Code    18  usart.o(i.fputc)
    main                                     0x08003375   Thumb Code    68  main.o(i.main)
    onenet_MQTTConnect                       0x080033c1   Thumb Code    80  onenet_mqtt.o(i.onenet_MQTTConnect)
    onenet_TCPDisConnect                     0x08003485   Thumb Code    16  onenet_mqtt.o(i.onenet_TCPDisConnect)
    osDelay                                  0x080034a5   Thumb Code    46  cmsis_os2.o(i.osDelay)
    osKernelInitialize                       0x080034d9   Thumb Code    48  cmsis_os2.o(i.osKernelInitialize)
    osKernelStart                            0x0800350d   Thumb Code    54  cmsis_os2.o(i.osKernelStart)
    osThreadNew                              0x08003549   Thumb Code   166  cmsis_os2.o(i.osThreadNew)
    pvPortMalloc                             0x08003ced   Thumb Code   172  heap_4.o(i.pvPortMalloc)
    pxPortInitialiseStack                    0x08003d9d   Thumb Code    28  port.o(i.pxPortInitialiseStack)
    uxListRemove                             0x08003dbd   Thumb Code    38  list.o(i.uxListRemove)
    vApplicationGetIdleTaskMemory            0x08003de5   Thumb Code    16  cmsis_os2.o(i.vApplicationGetIdleTaskMemory)
    vApplicationGetTimerTaskMemory           0x08003df9   Thumb Code    18  cmsis_os2.o(i.vApplicationGetTimerTaskMemory)
    vListInitialise                          0x08003e11   Thumb Code    22  list.o(i.vListInitialise)
    vListInitialiseItem                      0x08003e27   Thumb Code     6  list.o(i.vListInitialiseItem)
    vListInsert                              0x08003e2d   Thumb Code    48  list.o(i.vListInsert)
    vListInsertEnd                           0x08003e5d   Thumb Code    24  list.o(i.vListInsertEnd)
    vPortEnterCritical                       0x08003e75   Thumb Code    20  port.o(i.vPortEnterCritical)
    vPortExitCritical                        0x08003e8d   Thumb Code    22  port.o(i.vPortExitCritical)
    vPortFree                                0x08003ea9   Thumb Code    62  heap_4.o(i.vPortFree)
    vPortYield                               0x08003eed   Thumb Code    18  port.o(i.vPortYield)
    vQueueAddToRegistry                      0x08003f05   Thumb Code    32  queue.o(i.vQueueAddToRegistry)
    vQueueWaitForMessageRestricted           0x08003f29   Thumb Code    68  queue.o(i.vQueueWaitForMessageRestricted)
    vTaskDelay                               0x08003f6d   Thumb Code    44  tasks.o(i.vTaskDelay)
    vTaskDelete                              0x08003f9d   Thumb Code   112  tasks.o(i.vTaskDelete)
    vTaskInternalSetTimeOutState             0x08004015   Thumb Code    12  tasks.o(i.vTaskInternalSetTimeOutState)
    vTaskMissedYield                         0x08004025   Thumb Code     8  tasks.o(i.vTaskMissedYield)
    vTaskPlaceOnEventList                    0x08004031   Thumb Code    32  tasks.o(i.vTaskPlaceOnEventList)
    vTaskPlaceOnEventListRestricted          0x08004055   Thumb Code    42  tasks.o(i.vTaskPlaceOnEventListRestricted)
    vTaskStartScheduler                      0x08004085   Thumb Code    88  tasks.o(i.vTaskStartScheduler)
    vTaskSuspendAll                          0x080040ed   Thumb Code    10  tasks.o(i.vTaskSuspendAll)
    vTaskSwitchContext                       0x080040fd   Thumb Code    78  tasks.o(i.vTaskSwitchContext)
    xPortStartScheduler                      0x08004155   Thumb Code    62  port.o(i.xPortStartScheduler)
    xQueueGenericCreateStatic                0x080041a5   Thumb Code    64  queue.o(i.xQueueGenericCreateStatic)
    xQueueGenericReset                       0x080041e5   Thumb Code   108  queue.o(i.xQueueGenericReset)
    xQueueGenericSend                        0x08004251   Thumb Code   280  queue.o(i.xQueueGenericSend)
    xQueueGenericSendFromISR                 0x08004369   Thumb Code   140  queue.o(i.xQueueGenericSendFromISR)
    xQueueReceive                            0x080043f5   Thumb Code   258  queue.o(i.xQueueReceive)
    xTaskCheckForTimeOut                     0x080044f9   Thumb Code    86  tasks.o(i.xTaskCheckForTimeOut)
    xTaskCreate                              0x08004555   Thumb Code    82  tasks.o(i.xTaskCreate)
    xTaskCreateStatic                        0x080045a7   Thumb Code    68  tasks.o(i.xTaskCreateStatic)
    xTaskGetSchedulerState                   0x080045ed   Thumb Code    26  tasks.o(i.xTaskGetSchedulerState)
    xTaskGetTickCount                        0x0800460d   Thumb Code     6  tasks.o(i.xTaskGetTickCount)
    xTaskIncrementTick                       0x08004619   Thumb Code   180  tasks.o(i.xTaskIncrementTick)
    xTaskPriorityDisinherit                  0x080046d5   Thumb Code    96  tasks.o(i.xTaskPriorityDisinherit)
    xTaskRemoveFromEventList                 0x0800473d   Thumb Code    88  tasks.o(i.xTaskRemoveFromEventList)
    xTaskResumeAll                           0x080047a1   Thumb Code   162  tasks.o(i.xTaskResumeAll)
    xTimerCreateTimerTask                    0x08004851   Thumb Code    72  timers.o(i.xTimerCreateTimerTask)
    xTimerGenericCommand                     0x080048a9   Thumb Code    80  timers.o(i.xTimerGenericCommand)
    defaultTask_attributes                   0x080048fc   Data          36  freertos.o(.constdata)
    HardwaresInitTask_attributes             0x08004920   Data          36  user_tasksinit.o(.constdata)
    WDOGTask_attributes                      0x08004944   Data          36  user_tasksinit.o(.constdata)
    KeyTask_attributes                       0x08004968   Data          36  user_tasksinit.o(.constdata)
    CmdRecTask_attributes                    0x0800498c   Data          36  user_tasksinit.o(.constdata)
    AHBPrescTable                            0x080049b0   Data          16  system_stm32l0xx.o(.constdata)
    PLLMulTable                              0x080049c0   Data           9  system_stm32l0xx.o(.constdata)
    APBPrescTable                            0x080049c9   Data           8  system_stm32l0xx.o(.constdata)
    Region$$Table$$Base                      0x08004aac   Number         0  anon$$obj.o(Region$$Table)
    Region$$Table$$Limit                     0x08004acc   Number         0  anon$$obj.o(Region$$Table)
    ProductID                                0x20000000   Data           4  onenet_mqtt.o(.data)
    DeviceName                               0x20000004   Data           4  onenet_mqtt.o(.data)
    sign                                     0x20000008   Data           4  onenet_mqtt.o(.data)
    mqtturl                                  0x2000000c   Data           4  onenet_mqtt.o(.data)
    mqttport                                 0x20000010   Data           4  onenet_mqtt.o(.data)
    defaultTaskHandle                        0x20000018   Data           4  freertos.o(.data)
    HardInt_uart_flag                        0x2000001c   Data           1  stm32l0xx_it.o(.data)
    HardwaresInitTaskHandle                  0x20000020   Data           4  user_tasksinit.o(.data)
    WDOGTaskHandle                           0x20000024   Data           4  user_tasksinit.o(.data)
    KeyTaskHandle                            0x20000028   Data           4  user_tasksinit.o(.data)
    CmdRecTaskHandle                         0x2000002c   Data           4  user_tasksinit.o(.data)
    uwTickFreq                               0x20000030   Data           1  stm32l0xx_hal.o(.data)
    uwTickPrio                               0x20000034   Data           4  stm32l0xx_hal.o(.data)
    uwTick                                   0x20000038   Data           4  stm32l0xx_hal.o(.data)
    SystemCoreClock                          0x2000003c   Data           4  system_stm32l0xx.o(.data)
    pxCurrentTCB                             0x20000040   Data           4  tasks.o(.data)
    __stdout                                 0x200000b0   Data           4  stdout.o(.data)
    hadc                                     0x200000b4   Data          92  adc.o(.bss)
    hiwdg                                    0x20000110   Data          16  iwdg.o(.bss)
    hrtc                                     0x20000120   Data          36  rtc.o(.bss)
    htim22                                   0x20000144   Data          64  tim.o(.bss)
    huart1                                   0x20000184   Data         136  usart.o(.bss)
    hdma_usart1_rx                           0x2000020c   Data          72  usart.o(.bss)
    hdma_usart1_tx                           0x20000254   Data          72  usart.o(.bss)
    HardInt_receive_str                      0x2000029c   Data         150  stm32l0xx_it.o(.bss)
    HardInt_receive_str_raw                  0x20000332   Data         150  stm32l0xx_it.o(.bss)
    htim21                                   0x200003c8   Data          64  stm32l0xx_hal_timebase_tim.o(.bss)
    xQueueRegistry                           0x20000408   Data          64  queue.o(.bss)
    __initial_sp                             0x20001ce0   Data           0  startup_stm32l051xx.o(STACK)



==============================================================================

Memory Map of the image

  Image Entry point : 0x080000c1

  Load Region LR_IROM1 (Base: 0x08000000, Size: 0x00004b80, Max: 0x00010000, ABSOLUTE)

    Execution Region ER_IROM1 (Exec base: 0x08000000, Load base: 0x08000000, Size: 0x00004acc, Max: 0x00010000, ABSOLUTE)

    Exec Addr    Load Addr    Size         Type   Attr      Idx    E Section Name        Object

    0x08000000   0x08000000   0x000000c0   Data   RO            3    RESET               startup_stm32l051xx.o
    0x080000c0   0x080000c0   0x00000000   Code   RO         6106  * .ARM.Collect$$$$00000000  mc_p.l(entry.o)
    0x080000c0   0x080000c0   0x00000004   Code   RO         6386    .ARM.Collect$$$$00000001  mc_p.l(entry2.o)
    0x080000c4   0x080000c4   0x00000004   Code   RO         6389    .ARM.Collect$$$$00000004  mc_p.l(entry5.o)
    0x080000c8   0x080000c8   0x00000000   Code   RO         6391    .ARM.Collect$$$$00000008  mc_p.l(entry7b.o)
    0x080000c8   0x080000c8   0x00000000   Code   RO         6393    .ARM.Collect$$$$0000000A  mc_p.l(entry8b.o)
    0x080000c8   0x080000c8   0x00000008   Code   RO         6394    .ARM.Collect$$$$0000000B  mc_p.l(entry9a.o)
    0x080000d0   0x080000d0   0x00000004   Code   RO         6401    .ARM.Collect$$$$0000000E  mc_p.l(entry12b.o)
    0x080000d4   0x080000d4   0x00000000   Code   RO         6396    .ARM.Collect$$$$0000000F  mc_p.l(entry10a.o)
    0x080000d4   0x080000d4   0x00000000   Code   RO         6398    .ARM.Collect$$$$00000011  mc_p.l(entry11a.o)
    0x080000d4   0x080000d4   0x00000004   Code   RO         6387    .ARM.Collect$$$$00002712  mc_p.l(entry2.o)
    0x080000d8   0x080000d8   0x00000078   Code   RO         6041    .emb_text           port.o
    0x08000150   0x08000150   0x0000001c   Code   RO            4    .text               startup_stm32l051xx.o
    0x0800016c   0x0800016c   0x0000002c   Code   RO         6109    .text               mc_p.l(uidiv.o)
    0x08000198   0x08000198   0x00000060   Code   RO         6111    .text               mc_p.l(uldiv.o)
    0x080001f8   0x080001f8   0x00000024   Code   RO         6113    .text               mc_p.l(memcpya.o)
    0x0800021c   0x0800021c   0x00000024   Code   RO         6117    .text               mc_p.l(memseta.o)
    0x08000240   0x08000240   0x0000001c   Code   RO         6119    .text               mc_p.l(strcmp.o)
    0x0800025c   0x0800025c   0x00000012   Code   RO         6121    .text               mc_p.l(strcpy.o)
    0x0800026e   0x0800026e   0x00000020   Code   RO         6403    .text               mc_p.l(llshl.o)
    0x0800028e   0x0800028e   0x00000022   Code   RO         6405    .text               mc_p.l(llushr.o)
    0x080002b0   0x080002b0   0x00000024   Code   RO         6418    .text               mc_p.l(init.o)
    0x080002d4   0x080002d4   0x00000024   Code   RO          999    i.ADC_DelayMicroSecond  stm32l0xx_hal_adc.o
    0x080002f8   0x080002f8   0x00000084   Code   RO          202    i.Air780_GetTime    air780.o
    0x0800037c   0x0800037c   0x0000018c   Code   RO          203    i.Air780_Init       air780.o
    0x08000508   0x08000508   0x0000009c   Code   RO          204    i.Air780_PDPact     air780.o
    0x080005a4   0x080005a4   0x00000054   Code   RO          959    i.CmdRecTask        user_cmdrectask.o
    0x080005f8   0x080005f8   0x00000060   Code   RO          274    i.Connect_Check     onenet_mqtt.o
    0x08000658   0x08000658   0x00000018   Code   RO          725    i.DMA1_Channel2_3_IRQHandler  stm32l0xx_it.o
    0x08000670   0x08000670   0x0000002c   Code   RO         2431    i.DMA_SetConfig     stm32l0xx_hal_dma.o
    0x0800069c   0x0800069c   0x00000004   Code   RO          391    i.Error_Handler     main.o
    0x080006a0   0x080006a0   0x00000094   Code   RO         1003    i.HAL_ADC_ConfigChannel  stm32l0xx_hal_adc.o
    0x08000734   0x08000734   0x000001c8   Code   RO         1012    i.HAL_ADC_Init      stm32l0xx_hal_adc.o
    0x080008fc   0x080008fc   0x00000050   Code   RO          510    i.HAL_ADC_MspInit   adc.o
    0x0800094c   0x0800094c   0x00000044   Code   RO         2432    i.HAL_DMA_Abort     stm32l0xx_hal_dma.o
    0x08000990   0x08000990   0x0000004c   Code   RO         2433    i.HAL_DMA_Abort_IT  stm32l0xx_hal_dma.o
    0x080009dc   0x080009dc   0x00000004   Code   RO         2435    i.HAL_DMA_GetError  stm32l0xx_hal_dma.o
    0x080009e0   0x080009e0   0x000000a8   Code   RO         2437    i.HAL_DMA_IRQHandler  stm32l0xx_hal_dma.o
    0x08000a88   0x08000a88   0x00000090   Code   RO         2438    i.HAL_DMA_Init      stm32l0xx_hal_dma.o
    0x08000b18   0x08000b18   0x00000068   Code   RO         2442    i.HAL_DMA_Start_IT  stm32l0xx_hal_dma.o
    0x08000b80   0x08000b80   0x000001b0   Code   RO         2372    i.HAL_GPIO_Init     stm32l0xx_hal_gpio.o
    0x08000d30   0x08000d30   0x0000000a   Code   RO         2374    i.HAL_GPIO_ReadPin  stm32l0xx_hal_gpio.o
    0x08000d3a   0x08000d3a   0x00000010   Code   RO         2375    i.HAL_GPIO_TogglePin  stm32l0xx_hal_gpio.o
    0x08000d4a   0x08000d4a   0x0000000c   Code   RO         2376    i.HAL_GPIO_WritePin  stm32l0xx_hal_gpio.o
    0x08000d56   0x08000d56   0x00000002   PAD
    0x08000d58   0x08000d58   0x0000000c   Code   RO         1245    i.HAL_GetTick       stm32l0xx_hal.o
    0x08000d64   0x08000d64   0x0000006c   Code   RO         2876    i.HAL_IWDG_Init     stm32l0xx_hal_iwdg.o
    0x08000dd0   0x08000dd0   0x00000010   Code   RO         2877    i.HAL_IWDG_Refresh  stm32l0xx_hal_iwdg.o
    0x08000de0   0x08000de0   0x00000010   Code   RO         1251    i.HAL_IncTick       stm32l0xx_hal.o
    0x08000df0   0x08000df0   0x00000028   Code   RO         1252    i.HAL_Init          stm32l0xx_hal.o
    0x08000e18   0x08000e18   0x00000090   Code   RO          803    i.HAL_InitTick      stm32l0xx_hal_timebase_tim.o
    0x08000ea8   0x08000ea8   0x00000024   Code   RO          783    i.HAL_MspInit       stm32l0xx_hal_msp.o
    0x08000ecc   0x08000ecc   0x00000018   Code   RO         2701    i.HAL_NVIC_EnableIRQ  stm32l0xx_hal_cortex.o
    0x08000ee4   0x08000ee4   0x00000008   Code   RO         2705    i.HAL_NVIC_SetPriority  stm32l0xx_hal_cortex.o
    0x08000eec   0x08000eec   0x00000010   Code   RO         2531    i.HAL_PWR_EnableBkUpAccess  stm32l0xx_hal_pwr.o
    0x08000efc   0x08000efc   0x00000168   Code   RO         2057    i.HAL_RCCEx_PeriphCLKConfig  stm32l0xx_hal_rcc_ex.o
    0x08001064   0x08001064   0x0000019c   Code   RO         1957    i.HAL_RCC_ClockConfig  stm32l0xx_hal_rcc.o
    0x08001200   0x08001200   0x00000040   Code   RO         1960    i.HAL_RCC_GetClockConfig  stm32l0xx_hal_rcc.o
    0x08001240   0x08001240   0x00000020   Code   RO         1963    i.HAL_RCC_GetPCLK1Freq  stm32l0xx_hal_rcc.o
    0x08001260   0x08001260   0x00000020   Code   RO         1964    i.HAL_RCC_GetPCLK2Freq  stm32l0xx_hal_rcc.o
    0x08001280   0x08001280   0x00000078   Code   RO         1965    i.HAL_RCC_GetSysClockFreq  stm32l0xx_hal_rcc.o
    0x080012f8   0x080012f8   0x00000426   Code   RO         1968    i.HAL_RCC_OscConfig  stm32l0xx_hal_rcc.o
    0x0800171e   0x0800171e   0x00000002   PAD
    0x08001720   0x08001720   0x000000ec   Code   RO         3097    i.HAL_RTCEx_SetWakeUpTimer_IT  stm32l0xx_hal_rtc_ex.o
    0x0800180c   0x0800180c   0x00000002   Code   RO         3102    i.HAL_RTCEx_WakeUpTimerEventCallback  stm32l0xx_hal_rtc_ex.o
    0x0800180e   0x0800180e   0x00000002   PAD
    0x08001810   0x08001810   0x0000003c   Code   RO         3103    i.HAL_RTCEx_WakeUpTimerIRQHandler  stm32l0xx_hal_rtc_ex.o
    0x0800184c   0x0800184c   0x000000ac   Code   RO         2915    i.HAL_RTC_Init      stm32l0xx_hal_rtc.o
    0x080018f8   0x080018f8   0x00000030   Code   RO          594    i.HAL_RTC_MspInit   rtc.o
    0x08001928   0x08001928   0x000000c0   Code   RO         2922    i.HAL_RTC_SetTime   stm32l0xx_hal_rtc.o
    0x080019e8   0x080019e8   0x00000034   Code   RO         2923    i.HAL_RTC_WaitForSynchro  stm32l0xx_hal_rtc.o
    0x08001a1c   0x08001a1c   0x00000058   Code   RO         3980    i.HAL_TIMEx_MasterConfigSynchronization  stm32l0xx_hal_tim_ex.o
    0x08001a74   0x08001a74   0x0000003e   Code   RO         3285    i.HAL_TIM_Base_Init  stm32l0xx_hal_tim.o
    0x08001ab2   0x08001ab2   0x00000002   Code   RO         3287    i.HAL_TIM_Base_MspInit  stm32l0xx_hal_tim.o
    0x08001ab4   0x08001ab4   0x0000004c   Code   RO         3290    i.HAL_TIM_Base_Start_IT  stm32l0xx_hal_tim.o
    0x08001b00   0x08001b00   0x00000002   Code   RO         3319    i.HAL_TIM_IC_CaptureCallback  stm32l0xx_hal_tim.o
    0x08001b02   0x08001b02   0x00000126   Code   RO         3333    i.HAL_TIM_IRQHandler  stm32l0xx_hal_tim.o
    0x08001c28   0x08001c28   0x0000004c   Code   RO          637    i.HAL_TIM_MspPostInit  tim.o
    0x08001c74   0x08001c74   0x00000002   Code   RO         3336    i.HAL_TIM_OC_DelayElapsedCallback  stm32l0xx_hal_tim.o
    0x08001c76   0x08001c76   0x000000d0   Code   RO         3357    i.HAL_TIM_PWM_ConfigChannel  stm32l0xx_hal_tim.o
    0x08001d46   0x08001d46   0x0000003e   Code   RO         3360    i.HAL_TIM_PWM_Init  stm32l0xx_hal_tim.o
    0x08001d84   0x08001d84   0x0000001c   Code   RO          639    i.HAL_TIM_PWM_MspInit  tim.o
    0x08001da0   0x08001da0   0x00000002   Code   RO         3363    i.HAL_TIM_PWM_PulseFinishedCallback  stm32l0xx_hal_tim.o
    0x08001da2   0x08001da2   0x00000002   PAD
    0x08001da4   0x08001da4   0x00000014   Code   RO          392    i.HAL_TIM_PeriodElapsedCallback  main.o
    0x08001db8   0x08001db8   0x00000002   Code   RO         3376    i.HAL_TIM_TriggerCallback  stm32l0xx_hal_tim.o
    0x08001dba   0x08001dba   0x00000002   Code   RO         4015    i.HAL_UARTEx_RxEventCallback  stm32l0xx_hal_uart.o
    0x08001dbc   0x08001dbc   0x00000002   Code   RO         4405    i.HAL_UARTEx_WakeupCallback  stm32l0xx_hal_uart_ex.o
    0x08001dbe   0x08001dbe   0x0000009a   Code   RO         4027    i.HAL_UART_DMAStop  stm32l0xx_hal_uart.o
    0x08001e58   0x08001e58   0x00000002   Code   RO         4031    i.HAL_UART_ErrorCallback  stm32l0xx_hal_uart.o
    0x08001e5a   0x08001e5a   0x00000002   PAD
    0x08001e5c   0x08001e5c   0x000002ac   Code   RO         4034    i.HAL_UART_IRQHandler  stm32l0xx_hal_uart.o
    0x08002108   0x08002108   0x0000006a   Code   RO         4035    i.HAL_UART_Init     stm32l0xx_hal_uart.o
    0x08002172   0x08002172   0x00000002   PAD
    0x08002174   0x08002174   0x000000cc   Code   RO          682    i.HAL_UART_MspInit  usart.o
    0x08002240   0x08002240   0x00000064   Code   RO         4039    i.HAL_UART_Receive_DMA  stm32l0xx_hal_uart.o
    0x080022a4   0x080022a4   0x00000002   Code   RO         4042    i.HAL_UART_RxCpltCallback  stm32l0xx_hal_uart.o
    0x080022a6   0x080022a6   0x00000002   Code   RO         4043    i.HAL_UART_RxHalfCpltCallback  stm32l0xx_hal_uart.o
    0x080022a8   0x080022a8   0x000000c0   Code   RO         4044    i.HAL_UART_Transmit  stm32l0xx_hal_uart.o
    0x08002368   0x08002368   0x00000002   Code   RO         4047    i.HAL_UART_TxCpltCallback  stm32l0xx_hal_uart.o
    0x0800236a   0x0800236a   0x00000002   Code   RO          726    i.HardFault_Handler  stm32l0xx_it.o
    0x0800236c   0x0800236c   0x000000dc   Code   RO          838    i.HardwaresInitTask  user_hardwaresinittask.o
    0x08002448   0x08002448   0x0000005c   Code   RO          328    i.KeyScan           key.o
    0x080024a4   0x080024a4   0x00000024   Code   RO          878    i.KeyTask           user_keytask.o
    0x080024c8   0x080024c8   0x00000038   Code   RO          329    i.Key_Port_Init     key.o
    0x08002500   0x08002500   0x00000070   Code   RO          511    i.MX_ADC_Init       adc.o
    0x08002570   0x08002570   0x00000028   Code   RO          547    i.MX_DMA_Init       dma.o
    0x08002598   0x08002598   0x00000024   Code   RO          466    i.MX_FREERTOS_Init  freertos.o
    0x080025bc   0x080025bc   0x00000074   Code   RO          446    i.MX_GPIO_Init      gpio.o
    0x08002630   0x08002630   0x0000002c   Code   RO          567    i.MX_IWDG_Init      iwdg.o
    0x0800265c   0x0800265c   0x00000044   Code   RO          595    i.MX_RTC_Init       rtc.o
    0x080026a0   0x080026a0   0x00000078   Code   RO          640    i.MX_TIM22_Init     tim.o
    0x08002718   0x08002718   0x00000038   Code   RO          683    i.MX_USART1_UART_Init  usart.o
    0x08002750   0x08002750   0x00000002   Code   RO          727    i.NMI_Handler       stm32l0xx_it.o
    0x08002752   0x08002752   0x00000016   Code   RO         2925    i.RTC_ByteToBcd2    stm32l0xx_hal_rtc.o
    0x08002768   0x08002768   0x00000046   Code   RO         2926    i.RTC_EnterInitMode  stm32l0xx_hal_rtc.o
    0x080027ae   0x080027ae   0x0000002e   Code   RO         2927    i.RTC_ExitInitMode  stm32l0xx_hal_rtc.o
    0x080027dc   0x080027dc   0x00000010   Code   RO          728    i.RTC_IRQHandler    stm32l0xx_it.o
    0x080027ec   0x080027ec   0x00000034   Code   RO          596    i.RTC_SetTime       rtc.o
    0x08002820   0x08002820   0x00000002   Code   RO         6042    i.SVC_Handler       port.o
    0x08002822   0x08002822   0x00000008   Code   RO          467    i.StartDefaultTask  freertos.o
    0x0800282a   0x0800282a   0x00000002   PAD
    0x0800282c   0x0800282c   0x00000024   Code   RO         6043    i.SysTick_Handler   port.o
    0x08002850   0x08002850   0x000000ac   Code   RO          393    i.SystemClock_Config  main.o
    0x080028fc   0x080028fc   0x00000002   Code   RO         4481    i.SystemInit        system_stm32l0xx.o
    0x080028fe   0x080028fe   0x00000002   PAD
    0x08002900   0x08002900   0x0000001c   Code   RO          729    i.TIM21_IRQHandler  stm32l0xx_it.o
    0x0800291c   0x0800291c   0x00000058   Code   RO         3378    i.TIM_Base_SetConfig  stm32l0xx_hal_tim.o
    0x08002974   0x08002974   0x00000030   Code   RO         3391    i.TIM_OC1_SetConfig  stm32l0xx_hal_tim.o
    0x080029a4   0x080029a4   0x00000032   Code   RO         3392    i.TIM_OC2_SetConfig  stm32l0xx_hal_tim.o
    0x080029d6   0x080029d6   0x00000036   Code   RO         3393    i.TIM_OC3_SetConfig  stm32l0xx_hal_tim.o
    0x08002a0c   0x08002a0c   0x00000036   Code   RO         3394    i.TIM_OC4_SetConfig  stm32l0xx_hal_tim.o
    0x08002a42   0x08002a42   0x000000ca   Code   RO         4049    i.UART_AdvFeatureConfig  stm32l0xx_hal_uart.o
    0x08002b0c   0x08002b0c   0x000000c4   Code   RO         4050    i.UART_CheckIdleState  stm32l0xx_hal_uart.o
    0x08002bd0   0x08002bd0   0x00000014   Code   RO         4051    i.UART_DMAAbortOnError  stm32l0xx_hal_uart.o
    0x08002be4   0x08002be4   0x0000004c   Code   RO         4052    i.UART_DMAError     stm32l0xx_hal_uart.o
    0x08002c30   0x08002c30   0x0000009c   Code   RO         4053    i.UART_DMAReceiveCplt  stm32l0xx_hal_uart.o
    0x08002ccc   0x08002ccc   0x00000020   Code   RO         4055    i.UART_DMARxHalfCplt  stm32l0xx_hal_uart.o
    0x08002cec   0x08002cec   0x00000060   Code   RO         4061    i.UART_EndRxTransfer  stm32l0xx_hal_uart.o
    0x08002d4c   0x08002d4c   0x00000020   Code   RO         4062    i.UART_EndTxTransfer  stm32l0xx_hal_uart.o
    0x08002d6c   0x08002d6c   0x00000200   Code   RO         4065    i.UART_SetConfig    stm32l0xx_hal_uart.o
    0x08002f6c   0x08002f6c   0x000000ac   Code   RO         4066    i.UART_Start_Receive_DMA  stm32l0xx_hal_uart.o
    0x08003018   0x08003018   0x0000008a   Code   RO         4070    i.UART_WaitOnFlagUntilTimeout  stm32l0xx_hal_uart.o
    0x080030a2   0x080030a2   0x00000002   PAD
    0x080030a4   0x080030a4   0x0000005c   Code   RO          730    i.USART1_IRQHandler  stm32l0xx_it.o
    0x08003100   0x08003100   0x00000054   Code   RO          902    i.User_Tasks_Init   user_tasksinit.o
    0x08003154   0x08003154   0x00000018   Code   RO          903    i.WDOGFeedTask      user_tasksinit.o
    0x0800316c   0x0800316c   0x00000020   Code   RO         6192    i.__0printf$2       mc_p.l(printf2.o)
    0x0800318c   0x0800318c   0x00000030   Code   RO         2042    i.__ARM_common_ll_muluu  stm32l0xx_hal_rcc.o
    0x080031bc   0x080031bc   0x0000001a   Code   RO         2517    i.__ARM_common_switch8  stm32l0xx_hal_dma.o
    0x080031d6   0x080031d6   0x00000002   PAD
    0x080031d8   0x080031d8   0x00000044   Code   RO         2711    i.__NVIC_SetPriority  stm32l0xx_hal_cortex.o
    0x0800321c   0x0800321c   0x0000000e   Code   RO         6428    i.__scatterload_copy  mc_p.l(handlers.o)
    0x0800322a   0x0800322a   0x00000002   Code   RO         6429    i.__scatterload_null  mc_p.l(handlers.o)
    0x0800322c   0x0800322c   0x0000000e   Code   RO         6430    i.__scatterload_zeroinit  mc_p.l(handlers.o)
    0x0800323a   0x0800323a   0x000000d2   Code   RO         6199    i._printf_core      mc_p.l(printf2.o)
    0x0800330c   0x0800330c   0x0000001a   Code   RO           13    i.delay_ms          delay.o
    0x08003326   0x08003326   0x00000002   PAD
    0x08003328   0x08003328   0x00000030   Code   RO           14    i.delay_us          delay.o
    0x08003358   0x08003358   0x0000001c   Code   RO          684    i.fputc             usart.o
    0x08003374   0x08003374   0x0000004c   Code   RO          394    i.main              main.o
    0x080033c0   0x080033c0   0x000000c4   Code   RO          277    i.onenet_MQTTConnect  onenet_mqtt.o
    0x08003484   0x08003484   0x00000020   Code   RO          278    i.onenet_TCPDisConnect  onenet_mqtt.o
    0x080034a4   0x080034a4   0x00000034   Code   RO         5580    i.osDelay           cmsis_os2.o
    0x080034d8   0x080034d8   0x00000034   Code   RO         5594    i.osKernelInitialize  cmsis_os2.o
    0x0800350c   0x0800350c   0x0000003c   Code   RO         5597    i.osKernelStart     cmsis_os2.o
    0x08003548   0x08003548   0x000000ac   Code   RO         5630    i.osThreadNew       cmsis_os2.o
    0x080035f4   0x080035f4   0x00000058   Code   RO         5074    i.prvAddCurrentTaskToDelayedList  tasks.o
    0x0800364c   0x0800364c   0x000000bc   Code   RO         5075    i.prvAddNewTaskToReadyList  tasks.o
    0x08003708   0x08003708   0x0000005c   Code   RO         5427    i.prvCheckForValidListAndQueue  timers.o
    0x08003764   0x08003764   0x00000026   Code   RO         4671    i.prvCopyDataFromQueue  queue.o
    0x0800378a   0x0800378a   0x00000070   Code   RO         4672    i.prvCopyDataToQueue  queue.o
    0x080037fa   0x080037fa   0x00000026   Code   RO         5076    i.prvDeleteTCB      tasks.o
    0x08003820   0x08003820   0x00000044   Code   RO         5992    i.prvHeapInit       heap_4.o
    0x08003864   0x08003864   0x0000004c   Code   RO         5077    i.prvIdleTask       tasks.o
    0x080038b0   0x080038b0   0x00000022   Code   RO         4674    i.prvInitialiseNewQueue  queue.o
    0x080038d2   0x080038d2   0x00000094   Code   RO         5078    i.prvInitialiseNewTask  tasks.o
    0x08003966   0x08003966   0x00000002   PAD
    0x08003968   0x08003968   0x0000004c   Code   RO         5993    i.prvInsertBlockIntoFreeList  heap_4.o
    0x080039b4   0x080039b4   0x00000038   Code   RO         5429    i.prvInsertTimerInActiveList  timers.o
    0x080039ec   0x080039ec   0x0000001c   Code   RO         4675    i.prvIsQueueEmpty   queue.o
    0x08003a08   0x08003a08   0x000000e8   Code   RO         5430    i.prvProcessReceivedCommands  timers.o
    0x08003af0   0x08003af0   0x000000a8   Code   RO         5431    i.prvProcessTimerOrBlockTask  timers.o
    0x08003b98   0x08003b98   0x00000020   Code   RO         5080    i.prvResetNextTaskUnblockTime  tasks.o
    0x08003bb8   0x08003bb8   0x00000028   Code   RO         5432    i.prvSampleTimeNow  timers.o
    0x08003be0   0x08003be0   0x00000064   Code   RO         5433    i.prvSwitchTimerLists  timers.o
    0x08003c44   0x08003c44   0x00000014   Code   RO         6044    i.prvTaskExitError  port.o
    0x08003c58   0x08003c58   0x00000024   Code   RO         5434    i.prvTimerTask      timers.o
    0x08003c7c   0x08003c7c   0x00000070   Code   RO         4676    i.prvUnlockQueue    queue.o
    0x08003cec   0x08003cec   0x000000b0   Code   RO         5994    i.pvPortMalloc      heap_4.o
    0x08003d9c   0x08003d9c   0x00000020   Code   RO         6045    i.pxPortInitialiseStack  port.o
    0x08003dbc   0x08003dbc   0x00000026   Code   RO         4634    i.uxListRemove      list.o
    0x08003de2   0x08003de2   0x00000002   PAD
    0x08003de4   0x08003de4   0x00000014   Code   RO         5642    i.vApplicationGetIdleTaskMemory  cmsis_os2.o
    0x08003df8   0x08003df8   0x00000018   Code   RO         5643    i.vApplicationGetTimerTaskMemory  cmsis_os2.o
    0x08003e10   0x08003e10   0x00000016   Code   RO         4635    i.vListInitialise   list.o
    0x08003e26   0x08003e26   0x00000006   Code   RO         4636    i.vListInitialiseItem  list.o
    0x08003e2c   0x08003e2c   0x00000030   Code   RO         4637    i.vListInsert       list.o
    0x08003e5c   0x08003e5c   0x00000018   Code   RO         4638    i.vListInsertEnd    list.o
    0x08003e74   0x08003e74   0x00000018   Code   RO         6047    i.vPortEnterCritical  port.o
    0x08003e8c   0x08003e8c   0x0000001c   Code   RO         6048    i.vPortExitCritical  port.o
    0x08003ea8   0x08003ea8   0x00000044   Code   RO         5995    i.vPortFree         heap_4.o
    0x08003eec   0x08003eec   0x00000018   Code   RO         6049    i.vPortYield        port.o
    0x08003f04   0x08003f04   0x00000024   Code   RO         4682    i.vQueueAddToRegistry  queue.o
    0x08003f28   0x08003f28   0x00000044   Code   RO         4686    i.vQueueWaitForMessageRestricted  queue.o
    0x08003f6c   0x08003f6c   0x00000030   Code   RO         5092    i.vTaskDelay        tasks.o
    0x08003f9c   0x08003f9c   0x00000078   Code   RO         5094    i.vTaskDelete       tasks.o
    0x08004014   0x08004014   0x00000010   Code   RO         5097    i.vTaskInternalSetTimeOutState  tasks.o
    0x08004024   0x08004024   0x0000000c   Code   RO         5098    i.vTaskMissedYield  tasks.o
    0x08004030   0x08004030   0x00000024   Code   RO         5100    i.vTaskPlaceOnEventList  tasks.o
    0x08004054   0x08004054   0x00000030   Code   RO         5101    i.vTaskPlaceOnEventListRestricted  tasks.o
    0x08004084   0x08004084   0x00000068   Code   RO         5109    i.vTaskStartScheduler  tasks.o
    0x080040ec   0x080040ec   0x00000010   Code   RO         5111    i.vTaskSuspendAll   tasks.o
    0x080040fc   0x080040fc   0x00000058   Code   RO         5112    i.vTaskSwitchContext  tasks.o
    0x08004154   0x08004154   0x00000050   Code   RO         6050    i.xPortStartScheduler  port.o
    0x080041a4   0x080041a4   0x00000040   Code   RO         4692    i.xQueueGenericCreateStatic  queue.o
    0x080041e4   0x080041e4   0x0000006c   Code   RO         4693    i.xQueueGenericReset  queue.o
    0x08004250   0x08004250   0x00000118   Code   RO         4694    i.xQueueGenericSend  queue.o
    0x08004368   0x08004368   0x0000008c   Code   RO         4695    i.xQueueGenericSendFromISR  queue.o
    0x080043f4   0x080043f4   0x00000102   Code   RO         4704    i.xQueueReceive     queue.o
    0x080044f6   0x080044f6   0x00000002   PAD
    0x080044f8   0x080044f8   0x0000005c   Code   RO         5113    i.xTaskCheckForTimeOut  tasks.o
    0x08004554   0x08004554   0x00000052   Code   RO         5114    i.xTaskCreate       tasks.o
    0x080045a6   0x080045a6   0x00000044   Code   RO         5115    i.xTaskCreateStatic  tasks.o
    0x080045ea   0x080045ea   0x00000002   PAD
    0x080045ec   0x080045ec   0x00000020   Code   RO         5119    i.xTaskGetSchedulerState  tasks.o
    0x0800460c   0x0800460c   0x0000000c   Code   RO         5120    i.xTaskGetTickCount  tasks.o
    0x08004618   0x08004618   0x000000bc   Code   RO         5122    i.xTaskIncrementTick  tasks.o
    0x080046d4   0x080046d4   0x00000068   Code   RO         5125    i.xTaskPriorityDisinherit  tasks.o
    0x0800473c   0x0800473c   0x00000064   Code   RO         5127    i.xTaskRemoveFromEventList  tasks.o
    0x080047a0   0x080047a0   0x000000b0   Code   RO         5128    i.xTaskResumeAll    tasks.o
    0x08004850   0x08004850   0x00000058   Code   RO         5442    i.xTimerCreateTimerTask  timers.o
    0x080048a8   0x080048a8   0x00000054   Code   RO         5443    i.xTimerGenericCommand  timers.o
    0x080048fc   0x080048fc   0x00000024   Data   RO          468    .constdata          freertos.o
    0x08004920   0x08004920   0x00000090   Data   RO          905    .constdata          user_tasksinit.o
    0x080049b0   0x080049b0   0x00000019   Data   RO         4482    .constdata          system_stm32l0xx.o
    0x080049c9   0x080049c9   0x00000008   Data   RO         4483    .constdata          system_stm32l0xx.o
    0x080049d1   0x080049d1   0x00000003   PAD
    0x080049d4   0x080049d4   0x00000097   Data   RO          279    .conststring        onenet_mqtt.o
    0x08004a6b   0x08004a6b   0x00000001   PAD
    0x08004a6c   0x08004a6c   0x0000000c   Data   RO          469    .conststring        freertos.o
    0x08004a78   0x08004a78   0x00000034   Data   RO          908    .conststring        user_tasksinit.o
    0x08004aac   0x08004aac   0x00000020   Data   RO         6426    Region$$Table       anon$$obj.o


    Execution Region RW_IRAM1 (Exec base: 0x20000000, Load base: 0x08004acc, Size: 0x00001ce0, Max: 0x00002000, ABSOLUTE)

    Exec Addr    Load Addr    Size         Type   Attr      Idx    E Section Name        Object

    0x20000000   0x08004acc   0x00000014   Data   RW          280    .data               onenet_mqtt.o
    0x20000014   0x08004ae0   0x00000001   Data   RW          330    .data               key.o
    0x20000015   0x08004ae1   0x00000003   PAD
    0x20000018   0x08004ae4   0x00000004   Data   RW          470    .data               freertos.o
    0x2000001c   0x08004ae8   0x00000004   Data   RW          732    .data               stm32l0xx_it.o
    0x20000020   0x08004aec   0x00000010   Data   RW          912    .data               user_tasksinit.o
    0x20000030   0x08004afc   0x0000000c   Data   RW         1263    .data               stm32l0xx_hal.o
    0x2000003c   0x08004b08   0x00000004   Data   RW         4484    .data               system_stm32l0xx.o
    0x20000040   0x08004b0c   0x0000003c   Data   RW         5131    .data               tasks.o
    0x2000007c   0x08004b48   0x00000014   Data   RW         5451    .data               timers.o
    0x20000090   0x08004b5c   0x00000004   Data   RW         5645    .data               cmsis_os2.o
    0x20000094   0x08004b60   0x00000018   Data   RW         6000    .data               heap_4.o
    0x200000ac   0x08004b78   0x00000004   Data   RW         6051    .data               port.o
    0x200000b0   0x08004b7c   0x00000004   Data   RW         6402    .data               mc_p.l(stdout.o)
    0x200000b4        -       0x0000005c   Zero   RW          512    .bss                adc.o
    0x20000110        -       0x00000010   Zero   RW          568    .bss                iwdg.o
    0x20000120        -       0x00000024   Zero   RW          597    .bss                rtc.o
    0x20000144        -       0x00000040   Zero   RW          641    .bss                tim.o
    0x20000184        -       0x00000118   Zero   RW          685    .bss                usart.o
    0x2000029c        -       0x0000012c   Zero   RW          731    .bss                stm32l0xx_it.o
    0x200003c8        -       0x00000040   Zero   RW          806    .bss                stm32l0xx_hal_timebase_tim.o
    0x20000408        -       0x00000040   Zero   RW         4708    .bss                queue.o
    0x20000448        -       0x000004c4   Zero   RW         5130    .bss                tasks.o
    0x2000090c        -       0x00000118   Zero   RW         5450    .bss                timers.o
    0x20000a24        -       0x000006b8   Zero   RW         5644    .bss                cmsis_os2.o
    0x200010dc        -       0x00000800   Zero   RW         5999    .bss                heap_4.o
    0x200018dc   0x08004b80   0x00000004   PAD
    0x200018e0        -       0x00000400   Zero   RW            1    STACK               startup_stm32l051xx.o


==============================================================================

Image component sizes


      Code (inc. data)   RO Data    RW Data    ZI Data      Debug   Object Name

       192         22          0          0         92       1675   adc.o
       684        328          0          0          0       2951   air780.o
       380         32          0          4       1720       9474   cmsis_os2.o
        74          6          0          0          0     361174   delay.o
        40          4          0          0          0        766   dma.o
         0          0          0          0          0      10600   event_groups.o
        44         14         48          4          0       1741   freertos.o
       116          8          0          0          0        931   gpio.o
       388         22          0         24       2048       4267   heap_4.o
        44         12          0          0         16        695   iwdg.o
       148         10          0          1          0      14994   key.o
       138          0          0          0          0       3446   list.o
       272         20          0          0          0       2708   main.o
       324        194        151         20          0       2453   onenet_mqtt.o
       366         58          0          4          0       7020   port.o
      1278          4          0          0         64      15768   queue.o
       168         20          0          0         36       2153   rtc.o
        28          8        192          0       1024        640   startup_stm32l051xx.o
        68         14          0         12          0       7438   stm32l0xx_hal.o
       640         26          0          0          0       2935   stm32l0xx_hal_adc.o
       100         14          0          0          0      11388   stm32l0xx_hal_cortex.o
       634         12          0          0          0       5665   stm32l0xx_hal_dma.o
         0          0          0          0          0       2476   stm32l0xx_hal_flash.o
       470         30          0          0          0       3372   stm32l0xx_hal_gpio.o
       124         20          0          0          0       1887   stm32l0xx_hal_iwdg.o
        36          4          0          0          0        478   stm32l0xx_hal_msp.o
        16          4          0          0          0        519   stm32l0xx_hal_pwr.o
      1770        100          0          0          0       6393   stm32l0xx_hal_rcc.o
       360         12          0          0          0       1460   stm32l0xx_hal_rcc_ex.o
       554         14          0          0          0       5073   stm32l0xx_hal_rtc.o
       298         20          0          0          0       2677   stm32l0xx_hal_rtc_ex.o
      1006         18          0          0          0      10984   stm32l0xx_hal_tim.o
        88         10          0          0          0       1236   stm32l0xx_hal_tim_ex.o
       144         24          0          0         64       1064   stm32l0xx_hal_timebase_tim.o
      2878         92          0          0          0      21758   stm32l0xx_hal_uart.o
         2          0          0          0          0       1016   stm32l0xx_hal_uart_ex.o
       164         38          0          4        300       3830   stm32l0xx_it.o
         0          0          0          0          0       9516   stream_buffer.o
         2          0         33          4          0       1199   system_stm32l0xx.o
      1912        164          0         60       1220      25102   tasks.o
       224         24          0          0         64       2249   tim.o
       896         78          0         20        280      14287   timers.o
       288         34          0          0        280       2388   usart.o
        84         14          0          0          0        521   user_cmdrectask.o
       220        102          0          0          0       4340   user_hardwaresinittask.o
        36          4          0          0          0        462   user_keytask.o
       108         30        196         16          0       2439   user_tasksinit.o

    ----------------------------------------------------------------------
     17836       1664        656        176       7212     597608   Object Totals
         0          0         32          0          0          0   (incl. Generated)
        30          0          4          3          4          0   (incl. Padding)

    ----------------------------------------------------------------------

      Code (inc. data)   RO Data    RW Data    ZI Data      Debug   Library Member Name

         0          0          0          0          0          0   entry.o
         0          0          0          0          0          0   entry10a.o
         0          0          0          0          0          0   entry11a.o
         4          0          0          0          0          0   entry12b.o
         8          4          0          0          0          0   entry2.o
         4          0          0          0          0          0   entry5.o
         0          0          0          0          0          0   entry7b.o
         0          0          0          0          0          0   entry8b.o
         8          4          0          0          0          0   entry9a.o
        30          0          0          0          0          0   handlers.o
        36          8          0          0          0         68   init.o
        32          0          0          0          0         68   llshl.o
        34          0          0          0          0         68   llushr.o
        36          0          0          0          0         60   memcpya.o
        36          0          0          0          0        100   memseta.o
       242          8          0          0          0        168   printf2.o
         0          0          0          4          0          0   stdout.o
        28          0          0          0          0         68   strcmp.o
        18          0          0          0          0         60   strcpy.o
        44          0          0          0          0         72   uidiv.o
        96          0          0          0          0         84   uldiv.o

    ----------------------------------------------------------------------
       656         24          0          4          0        816   Library Totals
         0          0          0          0          0          0   (incl. Padding)

    ----------------------------------------------------------------------

      Code (inc. data)   RO Data    RW Data    ZI Data      Debug   Library Name

       656         24          0          4          0        816   mc_p.l

    ----------------------------------------------------------------------
       656         24          0          4          0        816   Library Totals

    ----------------------------------------------------------------------

==============================================================================


      Code (inc. data)   RO Data    RW Data    ZI Data      Debug   

     18492       1688        656        180       7212     589944   Grand Totals
     18492       1688        656        180       7212     589944   ELF Image Totals
     18492       1688        656        180          0          0   ROM Totals

==============================================================================

    Total RO  Size (Code + RO Data)                19148 (  18.70kB)
    Total RW  Size (RW Data + ZI Data)              7392 (   7.22kB)
    Total ROM Size (Code + RO Data + RW Data)      19328 (  18.88kB)

==============================================================================

